  Determining projects to restore...
  Restored [workspace]/references/Hexalith.Tenants/src/Hexalith.Tenants.Aspire/Hexalith.Tenants.Aspire.csproj (in 518 ms).
  Restored [workspace]/references/Hexalith.Tenants/src/Hexalith.Tenants.AppHost/Hexalith.Tenants.AppHost.csproj (in 517 ms).
  Restored [workspace]/references/Hexalith.Memories/src/Hexalith.Memories.Aspire/Hexalith.Memories.Aspire.csproj (in 559 ms).
  Restored [workspace]/references/Hexalith.Commons/src/libraries/Hexalith.Commons.Aspire/Hexalith.Commons.Aspire.csproj (in 643 ms).
  33 of 37 projects are up-to-date for restore.
  Hexalith.Commons.Aspire -> [workspace]/references/Hexalith.Commons/src/libraries/Hexalith.Commons.Aspire/bin/Debug/net10.0/Hexalith.Commons.Aspire.dll
  The package Hexalith.Commons.Aspire.1.0.0 is missing a readme. Go to https://aka.ms/nuget/authoring-best-practices/readme to learn why package readmes are important.
  Successfully created package '[workspace]/references/Hexalith.Commons/src/libraries/Hexalith.Commons.Aspire/bin/Debug/Hexalith.Commons.Aspire.1.0.0.nupkg'.
  Successfully created package '[workspace]/references/Hexalith.Commons/src/libraries/Hexalith.Commons.Aspire/bin/Debug/Hexalith.Commons.Aspire.1.0.0.snupkg'.
  Hexalith.EventStore.Aspire -> [workspace]/references/Hexalith.EventStore/src/Hexalith.EventStore.Aspire/bin/Debug/net10.0/Hexalith.EventStore.Aspire.dll
  Hexalith.Tenants.Aspire -> [workspace]/references/Hexalith.Tenants/src/Hexalith.Tenants.Aspire/bin/Debug/net10.0/Hexalith.Tenants.Aspire.dll
  Hexalith.Memories.Aspire -> [workspace]/references/Hexalith.Memories/src/Hexalith.Memories.Aspire/bin/Debug/net10.0/Hexalith.Memories.Aspire.dll
  Hexalith.Commons.UniqueIds -> [workspace]/references/Hexalith.Commons/src/libraries/Hexalith.Commons.UniqueIds/bin/Debug/net10.0/Hexalith.Commons.UniqueIds.dll
  Successfully created package '[workspace]/references/Hexalith.Commons/src/libraries/Hexalith.Commons.UniqueIds/bin/Debug/Hexalith.Commons.UniqueIds.3.110.0.nupkg'.
  Successfully created package '[workspace]/references/Hexalith.Commons/src/libraries/Hexalith.Commons.UniqueIds/bin/Debug/Hexalith.Commons.UniqueIds.3.110.0.snupkg'.
  Hexalith.EventStore.Contracts -> [workspace]/references/Hexalith.EventStore/src/Hexalith.EventStore.Contracts/bin/Debug/net10.0/Hexalith.EventStore.Contracts.dll
  Hexalith.Commons.UniqueIds -> [workspace]/references/Hexalith.Commons/src/libraries/Hexalith.Commons.UniqueIds/bin/Debug/net10.0/Hexalith.Commons.UniqueIds.dll
  Successfully created package '[workspace]/references/Hexalith.Commons/src/libraries/Hexalith.Commons.UniqueIds/bin/Debug/Hexalith.Commons.UniqueIds.1.0.0.nupkg'.
  Successfully created package '[workspace]/references/Hexalith.Commons/src/libraries/Hexalith.Commons.UniqueIds/bin/Debug/Hexalith.Commons.UniqueIds.1.0.0.snupkg'.
  Hexalith.Tenants.Contracts -> [workspace]/references/Hexalith.Tenants/src/Hexalith.Tenants.Contracts/bin/Debug/net10.0/Hexalith.Tenants.Contracts.dll
  Hexalith.EventStore.Client -> [workspace]/references/Hexalith.EventStore/src/Hexalith.EventStore.Client/bin/Debug/net10.0/Hexalith.EventStore.Client.dll
  Hexalith.EventStore.ServiceDefaults -> [workspace]/references/Hexalith.EventStore/src/Hexalith.EventStore.ServiceDefaults/bin/Debug/net10.0/Hexalith.EventStore.ServiceDefaults.dll
  Hexalith.EventStore.DomainService -> [workspace]/references/Hexalith.EventStore/src/Hexalith.EventStore.DomainService/bin/Debug/net10.0/Hexalith.EventStore.DomainService.dll
  Hexalith.EventStore.Server -> [workspace]/references/Hexalith.EventStore/src/Hexalith.EventStore.Server/bin/Debug/net10.0/Hexalith.EventStore.Server.dll
  Hexalith.EventStore.Contracts -> [workspace]/references/Hexalith.EventStore/src/Hexalith.EventStore.Contracts/bin/Debug/net10.0/Hexalith.EventStore.Contracts.dll
  Hexalith.EventStore.Client -> [workspace]/references/Hexalith.EventStore/src/Hexalith.EventStore.Client/bin/Debug/net10.0/Hexalith.EventStore.Client.dll
  Hexalith.EventStore.ServiceDefaults -> [workspace]/references/Hexalith.EventStore/src/Hexalith.EventStore.ServiceDefaults/bin/Debug/net10.0/Hexalith.EventStore.ServiceDefaults.dll
  Hexalith.EventStore.DomainService -> [workspace]/references/Hexalith.EventStore/src/Hexalith.EventStore.DomainService/bin/Debug/net10.0/Hexalith.EventStore.DomainService.dll
  Hexalith.Tenants.Server -> [workspace]/references/Hexalith.Tenants/src/Hexalith.Tenants.Server/bin/Debug/net10.0/Hexalith.Tenants.Server.dll
  Hexalith.EventStore.Admin.Abstractions -> [workspace]/references/Hexalith.EventStore/src/Hexalith.EventStore.Admin.Abstractions/bin/Debug/net10.0/Hexalith.EventStore.Admin.Abstractions.dll
  Hexalith.EventStore.Gateway -> [workspace]/references/Hexalith.EventStore/src/Hexalith.EventStore.Gateway/bin/Debug/net10.0/Hexalith.EventStore.Gateway.dll
  Hexalith.EventStore.Admin.Abstractions -> [workspace]/references/Hexalith.EventStore/src/Hexalith.EventStore.Admin.Abstractions/bin/Debug/net10.0/Hexalith.EventStore.Admin.Abstractions.dll
  Hexalith.EventStore.Server -> [workspace]/references/Hexalith.EventStore/src/Hexalith.EventStore.Server/bin/Debug/net10.0/Hexalith.EventStore.Server.dll
  Hexalith.Tenants -> [workspace]/references/Hexalith.Tenants/src/Hexalith.Tenants/bin/Debug/net10.0/Hexalith.Tenants.dll
  Hexalith.EventStore.RestApi.Generators -> [workspace]/references/Hexalith.EventStore/src/Hexalith.EventStore.RestApi.Generators/bin/Debug/netstandard2.0/Hexalith.EventStore.RestApi.Generators.dll
  Hexalith.Tenants.Api -> [workspace]/references/Hexalith.Tenants/src/Hexalith.Tenants.Api/bin/Debug/net10.0/Hexalith.Tenants.Api.dll
  Hexalith.FrontComposer.Contracts -> [workspace]/references/Hexalith.FrontComposer/src/Hexalith.FrontComposer.Contracts/bin/Debug/netstandard2.0/Hexalith.FrontComposer.Contracts.dll
  Hexalith.FrontComposer.SourceTools -> [workspace]/references/Hexalith.FrontComposer/src/Hexalith.FrontComposer.SourceTools/bin/Debug/netstandard2.0/Hexalith.FrontComposer.SourceTools.dll
  Hexalith.Tenants.Client -> [workspace]/references/Hexalith.Tenants/src/Hexalith.Tenants.Client/bin/Debug/net10.0/Hexalith.Tenants.Client.dll
  Hexalith.FrontComposer.Contracts -> [workspace]/references/Hexalith.FrontComposer/src/Hexalith.FrontComposer.Contracts/bin/Debug/net10.0/Hexalith.FrontComposer.Contracts.dll
  Hexalith.FrontComposer.Contracts.UI -> [workspace]/references/Hexalith.FrontComposer/src/Hexalith.FrontComposer.Contracts.UI/bin/Debug/net10.0/Hexalith.FrontComposer.Contracts.UI.dll
  Hexalith.FrontComposer.Shell -> [workspace]/references/Hexalith.FrontComposer/src/Hexalith.FrontComposer.Shell/bin/Debug/net10.0/Hexalith.FrontComposer.Shell.dll
  Hexalith.Memories.Contracts -> [workspace]/references/Hexalith.Memories/src/Hexalith.Memories.Contracts/bin/Debug/net10.0/Hexalith.Memories.Contracts.dll
  Hexalith.Memories.Client.Rest -> [workspace]/references/Hexalith.Memories/src/Hexalith.Memories.Client.Rest/bin/Debug/net10.0/Hexalith.Memories.Client.Rest.dll
  Hexalith.Tenants.UI -> [workspace]/references/Hexalith.Tenants/src/Hexalith.Tenants.UI/bin/Debug/net10.0/Hexalith.Tenants.UI.dll
  Hexalith.Tenants.Sample -> [workspace]/references/Hexalith.Tenants/samples/Hexalith.Tenants.Sample/bin/Debug/net10.0/Hexalith.Tenants.Sample.dll
  Hexalith.Memories.AccessTelemetry.Contracts -> [workspace]/references/Hexalith.Memories/src/Hexalith.Memories.AccessTelemetry.Contracts/bin/Debug/net10.0/Hexalith.Memories.AccessTelemetry.Contracts.dll
  Hexalith.Memories.EventStore -> [workspace]/references/Hexalith.Memories/src/Hexalith.Memories.EventStore/bin/Debug/net10.0/Hexalith.Memories.EventStore.dll
  Hexalith.Memories.Telemetry -> [workspace]/references/Hexalith.Memories/src/Hexalith.Memories.Telemetry/bin/Debug/net10.0/Hexalith.Memories.Telemetry.dll
  Hexalith.Memories.ServiceDefaults -> [workspace]/references/Hexalith.Memories/src/Hexalith.Memories.ServiceDefaults/bin/Debug/net10.0/Hexalith.Memories.ServiceDefaults.dll
  Hexalith.Memories.Server -> [workspace]/references/Hexalith.Memories/src/Hexalith.Memories.Server/bin/Debug/net10.0/Hexalith.Memories.Server.dll
  Hexalith.EventStore.Aspire -> [workspace]/references/Hexalith.EventStore/src/Hexalith.EventStore.Aspire/bin/Debug/net10.0/Hexalith.EventStore.Aspire.dll
  Hexalith.EventStore.Gateway -> [workspace]/references/Hexalith.EventStore/src/Hexalith.EventStore.Gateway/bin/Debug/net10.0/Hexalith.EventStore.Gateway.dll
  Hexalith.EventStore -> [workspace]/references/Hexalith.EventStore/src/Hexalith.EventStore/bin/Debug/net10.0/Hexalith.EventStore.dll
  Hexalith.EventStore.Admin.Server -> [workspace]/references/Hexalith.EventStore/src/Hexalith.EventStore.Admin.Server/bin/Debug/net10.0/Hexalith.EventStore.Admin.Server.dll
  Hexalith.EventStore.Admin.Server.Host -> [workspace]/references/Hexalith.EventStore/src/Hexalith.EventStore.Admin.Server.Host/bin/Debug/net10.0/Hexalith.EventStore.Admin.Server.Host.dll
  Hexalith.EventStore.SignalR -> [workspace]/references/Hexalith.EventStore/src/Hexalith.EventStore.SignalR/bin/Debug/net10.0/Hexalith.EventStore.SignalR.dll
  Hexalith.EventStore.Admin.UI -> [workspace]/references/Hexalith.EventStore/src/Hexalith.EventStore.Admin.UI/bin/Debug/net10.0/Hexalith.EventStore.Admin.UI.dll
  Hexalith.Tenants.AppHost -> [workspace]/references/Hexalith.Tenants/src/Hexalith.Tenants.AppHost/bin/Debug/net10.0/Hexalith.Tenants.AppHost.dll

Build succeeded.
    0 Warning(s)
    0 Error(s)

Time Elapsed 00:00:29.34
