You can invoke the tool using the following command: aspire
Tool 'aspire.cli' (version '13.6.0') was successfully installed.
⌛  Making the jump to hyperspace...
ℹ️  Installing runtime version 1.18.2

Dapr runtime installed to [scratch]/runtime/.dapr/bin, you may run the following to add it to your path if you want to run daprd directly:
    export PATH=$PATH:[scratch]/runtime/.dapr/bin
✅  Downloading binaries and setting up components...
✅  Downloaded binaries and completed components set up.
ℹ️  daprd binary has been installed to [scratch]/runtime/.dapr/bin.
ℹ️  placement binary has been installed to [scratch]/runtime/.dapr/bin.
ℹ️  scheduler binary has been installed to [scratch]/runtime/.dapr/bin.
✅  Success! Dapr is up and running. To get started, go here: https://docs.dapr.io/getting-started

Welcome to .NET 10.0!
---------------------
SDK Version: 10.0.401

Telemetry
---------
The .NET tools collect usage data in order to help us improve your experience. It is collected by Microsoft and shared with the community. You can opt-out of telemetry by setting the DOTNET_CLI_TELEMETRY_OPTOUT environment variable to '1' or 'true' using your favorite shell.

Read more about .NET CLI Tools telemetry: https://aka.ms/dotnet-cli-telemetry

----------------
Installed an ASP.NET Core HTTPS development certificate.
To trust the certificate, run 'dotnet dev-certs https --trust'
Learn about HTTPS: https://aka.ms/dotnet-https

----------------
Write your first app: https://aka.ms/dotnet-hello-world
Find out what's new: https://aka.ms/dotnet-whats-new
Explore documentation: https://aka.ms/dotnet-docs
Report issues and find source on GitHub: https://github.com/dotnet/core
Use 'dotnet --help' to see available commands or visit: https://aka.ms/dotnet-cli
--------------------------------------------------------------------------------------
