ci-37111866011-1/audit-after.json: OK
ci-37111866011-1/audit-before.json: OK
ci-37111866011-1/capture/capture-validation.json: OK
ci-37111866011-1/capture/deterministic-support.json: OK
ci-37111866011-1/capture/observations.json: OK
ci-37111866011-1/capture/test-results.json: OK
ci-37111866011-1/cleanup.json: OK
ci-37111866011-1/current-audit.json: OK
ci-37111866011-1/logs/21-exact-deterministic-support-selectors.log: OK
ci-37111866011-1/logs/apphost-build-hexalith-builds-module-apphost.log: OK
ci-37111866011-1/logs/apphost-build-hexalith-conversations-apphost.log: OK
ci-37111866011-1/logs/apphost-build-hexalith-eventstore-apphost.log: OK
ci-37111866011-1/logs/apphost-build-hexalith-folders-apphost.log: OK
ci-37111866011-1/logs/apphost-build-hexalith-frontcomposer-apphost.log: OK
ci-37111866011-1/logs/apphost-build-hexalith-memories-apphost.log: OK
ci-37111866011-1/logs/apphost-build-hexalith-parties-apphost.log: OK
ci-37111866011-1/logs/apphost-build-hexalith-platform.log: OK
ci-37111866011-1/logs/apphost-build-hexalith-projects-apphost.log: OK
ci-37111866011-1/logs/apphost-build-hexalith-tenants-apphost.log: OK
ci-37111866011-1/logs/fixture-override-tests.log: OK
ci-37111866011-1/logs/fresh-eventstore-qualifier-build.log: OK
ci-37111866011-1/logs/fresh-eventstore-support-build.log: OK
ci-37111866011-1/logs/mcpcli-transitive-dapr-consumer.log: OK
ci-37111866011-1/logs/observe-exact-tool-versions.log: OK
ci-37111866011-1/logs/real-postgresql-two-sidecar-stop-restart-qualifier.log: OK
ci-37111866011-1/logs/strict-eventstore-capture-validation.log: OK
ci-37111866011-1/result.json: OK
ci-37111866011-1/selection.json: OK
ci-37111866011-artifact.zip: OK
ci-37111866011-artifacts.json: OK
ci-37111866011-job.json: OK
ci-37111866011-job.log: OK
ci-37111866011-run.json: OK
ci-readiness-local-20261003-1/bootstrap.json: OK
ci-readiness-local-20261003-1/postgresql-pull.log: OK
ci-readiness-local-20261003-1/restore.log: OK
ci-readiness-local-20261003-2/audit-after.json: OK
ci-readiness-local-20261003-2/audit-before.json: OK
ci-readiness-local-20261003-2/cleanup.json: OK
ci-readiness-local-20261003-2/logs/observe-exact-tool-versions.log: OK
ci-readiness-local-20261003-2/postgresql-pull.log: OK
ci-readiness-local-20261003-2/restore.log: OK
ci-readiness-local-20261003-2/result.json: OK
ci-readiness-local-20261003-2/run.log: OK
ci-readiness-local-20261003-2/validate.log: OK
ci-readiness-local-20261003-3/audit-after.json: OK
ci-readiness-local-20261003-3/audit-before.json: OK
ci-readiness-local-20261003-3/capture/capture-validation.json: OK
ci-readiness-local-20261003-3/capture/deterministic-support.json: OK
ci-readiness-local-20261003-3/capture/observations.json: OK
ci-readiness-local-20261003-3/capture/test-results.json: OK
ci-readiness-local-20261003-3/cleanup.json: OK
ci-readiness-local-20261003-3/logs/21-exact-deterministic-support-selectors.log: OK
ci-readiness-local-20261003-3/logs/apphost-build-hexalith-builds-module-apphost.log: OK
ci-readiness-local-20261003-3/logs/apphost-build-hexalith-conversations-apphost.log: OK
ci-readiness-local-20261003-3/logs/apphost-build-hexalith-eventstore-apphost.log: OK
ci-readiness-local-20261003-3/logs/apphost-build-hexalith-folders-apphost.log: OK
ci-readiness-local-20261003-3/logs/apphost-build-hexalith-frontcomposer-apphost.log: OK
ci-readiness-local-20261003-3/logs/apphost-build-hexalith-memories-apphost.log: OK
ci-readiness-local-20261003-3/logs/apphost-build-hexalith-parties-apphost.log: OK
ci-readiness-local-20261003-3/logs/apphost-build-hexalith-platform.log: OK
ci-readiness-local-20261003-3/logs/apphost-build-hexalith-projects-apphost.log: OK
ci-readiness-local-20261003-3/logs/apphost-build-hexalith-tenants-apphost.log: OK
ci-readiness-local-20261003-3/logs/fixture-override-tests.log: OK
ci-readiness-local-20261003-3/logs/fresh-eventstore-qualifier-build.log: OK
ci-readiness-local-20261003-3/logs/fresh-eventstore-support-build.log: OK
ci-readiness-local-20261003-3/logs/mcpcli-transitive-dapr-consumer.log: OK
ci-readiness-local-20261003-3/logs/observe-exact-tool-versions.log: OK
ci-readiness-local-20261003-3/logs/real-postgresql-two-sidecar-stop-restart-qualifier.log: OK
ci-readiness-local-20261003-3/logs/strict-eventstore-capture-validation.log: OK
ci-readiness-local-20261003-3/postgresql-pull.log: OK
ci-readiness-local-20261003-3/restore.log: OK
ci-readiness-local-20261003-3/result.json: OK
ci-readiness-local-20261003-3/run.log: OK
ci-readiness-local-20261003-3/validate.log: OK
focused/authority-index.log: OK
focused/builds-commit.txt: OK
focused/builds-tests-final.log: OK
focused/clean-shell-launch.py: OK
focused/commons-commit.txt: OK
focused/commons-fixed-20261003-1.log: OK
focused/commons-readme-20261003-1.log: OK
focused/gitlinks-commit.txt: OK
focused/precheck.sh: OK
focused/properties-before.json: OK
focused/readme-tests-final.log: OK
focused/reproduce-commons.log: OK
focused/root-commit.txt: OK
focused/runner-tests-final.log: OK
focused/workflow-gates-final.log: OK
retention-check.json: OK
