[93mThe '-verbose' switch has been deprecated in favor of '-reporter verbose' and will be removed in the next major version
[0m
xUnit.net v3 In-Process Runner v4.0.0+8bf043c053 (64-bit .NET 10.0.11)
[37m  Discovering: Hexalith.Builds.Module.Tests
[0m[37m  Discovered:  Hexalith.Builds.Module.Tests
[0m[37m  Starting:    Hexalith.Builds.Module.Tests
[0m[90m    Hexalith.Builds.ModuleTool.Tests.PersistedFixtureAssetTests.LoadManifestNegativeControlReturnsStableRule(fileName: "unknown-schema.json") [STARTING]
[0m[90m    Hexalith.Builds.ModuleTool.Tests.PersistedFixtureAssetTests.LoadManifestNegativeControlReturnsStableRule(fileName: "unknown-schema.json") [FINISHED] Time: 0.107s
[0m[90m    Hexalith.Builds.ModuleTool.Tests.PersistedFixtureAssetTests.LoadManifestNegativeControlReturnsStableRule(fileName: "unknown-field.json") [STARTING]
[0m[90m    Hexalith.Builds.ModuleTool.Tests.PersistedFixtureAssetTests.LoadManifestNegativeControlReturnsStableRule(fileName: "unknown-field.json") [FINISHED] Time: 0.004s
[0m[90m    Hexalith.Builds.ModuleTool.Tests.PersistedFixtureAssetTests.LoadManifestNegativeControlReturnsStableRule(fileName: "duplicate-id.json") [STARTING]
[0m[90m    Hexalith.Builds.ModuleTool.Tests.PersistedFixtureAssetTests.LoadManifestNegativeControlReturnsStableRule(fileName: "duplicate-id.json") [FINISHED] Time: 0.004s
[0m[90m    Hexalith.Builds.ModuleTool.Tests.PersistedFixtureAssetTests.LoadManifestNegativeControlReturnsStableRule(fileName: "absolute-path.json") [STARTING]
[0m[90m    Hexalith.Builds.ModuleTool.Tests.PersistedFixtureAssetTests.LoadManifestNegativeControlReturnsStableRule(fileName: "absolute-path.json") [FINISHED] Time: 0.001s
[0m[90m    Hexalith.Builds.ModuleTool.Tests.PersistedFixtureAssetTests.LoadManifestNegativeControlReturnsStableRule(fileName: "path-escape.json") [STARTING]
[0m[90m    Hexalith.Builds.ModuleTool.Tests.PersistedFixtureAssetTests.LoadManifestNegativeControlReturnsStableRule(fileName: "path-escape.json") [FINISHED] Time: 0.001s
[0m[90m    Hexalith.Builds.ModuleTool.Tests.PersistedFixtureAssetTests.LoadManifestNegativeControlReturnsStableRule(fileName: "missing-descriptor.json") [STARTING]
[0m[90m    Hexalith.Builds.ModuleTool.Tests.PersistedFixtureAssetTests.LoadManifestNegativeControlReturnsStableRule(fileName: "missing-descriptor.json") [FINISHED] Time: 0.003s
[0m[90m    Hexalith.Builds.ModuleTool.Tests.PersistedFixtureAssetTests.LoadManifestNegativeControlReturnsStableRule(fileName: "placeholder.json") [STARTING]
[0m[90m    Hexalith.Builds.ModuleTool.Tests.PersistedFixtureAssetTests.LoadManifestNegativeControlReturnsStableRule(fileName: "placeholder.json") [FINISHED] Time: 0.001s
[0m[90m    Hexalith.Builds.ModuleTool.Tests.PersistedFixtureAssetTests.LoadManifestNegativeControlReturnsStableRule(fileName: "secret-bearing.json") [STARTING]
[0m[90m    Hexalith.Builds.ModuleTool.Tests.PersistedFixtureAssetTests.LoadManifestNegativeControlReturnsStableRule(fileName: "secret-bearing.json") [FINISHED] Time: 0.001s
[0m[90m    Hexalith.Builds.ModuleTool.Tests.PersistedFixtureAssetTests.LoadManifestNegativeControlReturnsStableRule(fileName: "malformed-dependency.json") [STARTING]
[0m[90m    Hexalith.Builds.ModuleTool.Tests.PersistedFixtureAssetTests.LoadManifestNegativeControlReturnsStableRule(fileName: "malformed-dependency.json") [FINISHED] Time: 0.002s
[0m[90m    Hexalith.Builds.ModuleTool.Tests.PersistedFixtureAssetTests.LoadManifestNegativeControlReturnsStableRule(fileName: "invalid-profile.json") [STARTING]
[0m[90m    Hexalith.Builds.ModuleTool.Tests.PersistedFixtureAssetTests.LoadManifestNegativeControlReturnsStableRule(fileName: "invalid-profile.json") [FINISHED] Time: 0s
[0m[90m    Hexalith.Builds.ModuleTool.Tests.PersistedFixtureAssetTests.LoadManifestNegativeControlReturnsStableRule(fileName: "duplicate-json-key.json") [STARTING]
[0m[90m    Hexalith.Builds.ModuleTool.Tests.PersistedFixtureAssetTests.LoadManifestNegativeControlReturnsStableRule(fileName: "duplicate-json-key.json") [FINISHED] Time: 0s
[0m[90m    Hexalith.Builds.ModuleTool.Tests.PersistedFixtureAssetTests.LoadManifestNegativeControlReturnsStableRule(fileName: "unsupported-profile-class.json") [STARTING]
[0m[90m    Hexalith.Builds.ModuleTool.Tests.PersistedFixtureAssetTests.LoadManifestNegativeControlReturnsStableRule(fileName: "unsupported-profile-class.json") [FINISHED] Time: 0.002s
[0m[90m    Hexalith.Builds.ModuleTool.Tests.PersistedFixtureAssetTests.LoadManifestNegativeControlReturnsStableRule(fileName: "missing-required-value.json") [STARTING]
[0m[90m    Hexalith.Builds.ModuleTool.Tests.PersistedFixtureAssetTests.LoadManifestNegativeControlReturnsStableRule(fileName: "missing-required-value.json") [FINISHED] Time: 0s
[0m[90m    Hexalith.Builds.ModuleTool.Tests.PersistedFixtureAssetTests.LoadManifestNegativeControlReturnsStableRule(fileName: "tampered-platform-pin.json") [STARTING]
[0m[90m    Hexalith.Builds.ModuleTool.Tests.PersistedFixtureAssetTests.LoadManifestNegativeControlReturnsStableRule(fileName: "tampered-platform-pin.json") [FINISHED] Time: 0s
[0m[90m    Hexalith.Builds.ModuleTool.Tests.PersistedFixtureAssetTests.LoadManifestNegativeControlReturnsStableRule(fileName: "superseded-platform-pin.json") [STARTING]
[0m[90m    Hexalith.Builds.ModuleTool.Tests.PersistedFixtureAssetTests.LoadManifestNegativeControlReturnsStableRule(fileName: "superseded-platform-pin.json") [FINISHED] Time: 0.003s
[0m[37m  Finished:    Hexalith.Builds.Module.Tests (ID = '82edbedd6ccecdf4ce409386256f4680df776978cc4ce4b1185f8121f3a7c73d')
[0m[37m=== TEST EXECUTION SUMMARY ===
[0m[37m   Hexalith.Builds.Module.Tests  Total: 15, Errors: 0, Failed: 0, Skipped: 0, Not Run: 0, Time: 0.271s
[0m[0m