  Determining projects to restore...
  Restored [workspace]/references/Hexalith.Memories/src/Hexalith.Memories.Telemetry/Hexalith.Memories.Telemetry.csproj (in 252 ms).
  Restored [workspace]/references/Hexalith.Memories/src/Hexalith.Memories.AccessTelemetry.Contracts/Hexalith.Memories.AccessTelemetry.Contracts.csproj (in 433 ms).
  Restored [workspace]/references/Hexalith.Tenants/samples/Hexalith.Tenants.Sample/Hexalith.Tenants.Sample.csproj (in 390 ms).
  Restored [workspace]/references/Hexalith.Tenants/src/Hexalith.Tenants.UI/Hexalith.Tenants.UI.csproj (in 454 ms).
  Restored [workspace]/references/Hexalith.Tenants/src/Hexalith.Tenants.Aspire/Hexalith.Tenants.Aspire.csproj (in 493 ms).
  Restored [workspace]/references/Hexalith.Tenants/src/Hexalith.Tenants.AppHost/Hexalith.Tenants.AppHost.csproj (in 428 ms).
  Restored [workspace]/references/Hexalith.Memories/src/Hexalith.Memories.EventStore/Hexalith.Memories.EventStore.csproj (in 849 ms).
  Restored [workspace]/references/Hexalith.Memories/src/Hexalith.Memories.ServiceDefaults/Hexalith.Memories.ServiceDefaults.csproj (in 860 ms).
  Restored [workspace]/references/Hexalith.Memories/src/Hexalith.Memories.Aspire/Hexalith.Memories.Aspire.csproj (in 934 ms).
  Restored [workspace]/references/Hexalith.Commons/src/libraries/Hexalith.Commons.Aspire/Hexalith.Commons.Aspire.csproj (in 959 ms).
  Restored [workspace]/references/Hexalith.Memories/src/Hexalith.Memories.Server/Hexalith.Memories.Server.csproj (in 5.19 sec).
  26 of 37 projects are up-to-date for restore.
  Hexalith.Commons.Aspire -> [workspace]/references/Hexalith.Commons/src/libraries/Hexalith.Commons.Aspire/bin/Debug/net10.0/Hexalith.Commons.Aspire.dll
  The package Hexalith.Commons.Aspire.1.0.0 is missing a readme. Go to https://aka.ms/nuget/authoring-best-practices/readme to learn why package readmes are important.
  Successfully created package '[workspace]/references/Hexalith.Commons/src/libraries/Hexalith.Commons.Aspire/bin/Debug/Hexalith.Commons.Aspire.1.0.0.nupkg'.
  Successfully created package '[workspace]/references/Hexalith.Commons/src/libraries/Hexalith.Commons.Aspire/bin/Debug/Hexalith.Commons.Aspire.1.0.0.snupkg'.
  Hexalith.EventStore.Aspire -> [workspace]/references/Hexalith.EventStore/src/Hexalith.EventStore.Aspire/bin/Debug/net10.0/Hexalith.EventStore.Aspire.dll
  Hexalith.Tenants.Aspire -> [workspace]/references/Hexalith.Tenants/src/Hexalith.Tenants.Aspire/bin/Debug/net10.0/Hexalith.Tenants.Aspire.dll
  Hexalith.Memories.Aspire -> [workspace]/references/Hexalith.Memories/src/Hexalith.Memories.Aspire/bin/Debug/net10.0/Hexalith.Memories.Aspire.dll
[workspace]/references/Hexalith.Memories/Directory.Build.props(90,5): error : Git submodule 'references/Hexalith.PolymorphicSerializations' is missing. Run: git submodule update --init references/Hexalith.PolymorphicSerializations from the repository root. [[workspace]/references/Hexalith.Memories/src/Hexalith.Memories.Aspire/Hexalith.Memories.Aspire.csproj]

Build FAILED.

[workspace]/references/Hexalith.Memories/Directory.Build.props(90,5): error : Git submodule 'references/Hexalith.PolymorphicSerializations' is missing. Run: git submodule update --init references/Hexalith.PolymorphicSerializations from the repository root. [[workspace]/references/Hexalith.Memories/src/Hexalith.Memories.Aspire/Hexalith.Memories.Aspire.csproj]
    0 Warning(s)
    1 Error(s)

Time Elapsed 00:00:11.69
