  Determining projects to restore...
  Restored [workspace]/references/Hexalith.Folders/src/Hexalith.Folders.ServiceDefaults/Hexalith.Folders.ServiceDefaults.csproj (in 354 ms).
  Restored [workspace]/references/Hexalith.Folders/src/Hexalith.Folders.Aspire/Hexalith.Folders.Aspire.csproj (in 823 ms).
  Restored [workspace]/references/Hexalith.Folders/src/Hexalith.Folders.AppHost/Hexalith.Folders.AppHost.csproj (in 823 ms).
  Restored [workspace]/references/Hexalith.Folders/src/Hexalith.Folders.UI/Hexalith.Folders.UI.csproj (in 838 ms).
  Restored [workspace]/references/Hexalith.Folders/src/Hexalith.Folders.EventStore/Hexalith.Folders.EventStore.csproj (in 868 ms).
  Restored [workspace]/references/Hexalith.Folders/src/Hexalith.Folders/Hexalith.Folders.csproj (in 897 ms).
  Restored [workspace]/references/Hexalith.Folders/src/Hexalith.Folders.Workers/Hexalith.Folders.Workers.csproj (in 897 ms).
  Restored [workspace]/references/Hexalith.Folders/src/Hexalith.Folders.Server/Hexalith.Folders.Server.csproj (in 897 ms).
  2 of 10 projects are up-to-date for restore.
  Hexalith.Folders.EventStore -> [workspace]/references/Hexalith.Folders/src/Hexalith.Folders.EventStore/bin/Debug/net10.0/Hexalith.Folders.EventStore.dll
  Hexalith.Folders.Contracts -> [workspace]/references/Hexalith.Folders/src/Hexalith.Folders.Contracts/bin/Debug/net10.0/Hexalith.Folders.Contracts.dll
  Hexalith.Folders -> [workspace]/references/Hexalith.Folders/src/Hexalith.Folders/bin/Debug/net10.0/Hexalith.Folders.dll
  Hexalith.Folders.ServiceDefaults -> [workspace]/references/Hexalith.Folders/src/Hexalith.Folders.ServiceDefaults/bin/Debug/net10.0/Hexalith.Folders.ServiceDefaults.dll
  Hexalith.Folders.Server -> [workspace]/references/Hexalith.Folders/src/Hexalith.Folders.Server/bin/Debug/net10.0/Hexalith.Folders.Server.dll
  Hexalith.Folders.Client -> [workspace]/references/Hexalith.Folders/src/Hexalith.Folders.Client/bin/Debug/net10.0/Hexalith.Folders.Client.dll
  Hexalith.Folders.UI -> [workspace]/references/Hexalith.Folders/src/Hexalith.Folders.UI/bin/Debug/net10.0/Hexalith.Folders.UI.dll
  Hexalith.Folders.Workers -> [workspace]/references/Hexalith.Folders/src/Hexalith.Folders.Workers/bin/Debug/net10.0/Hexalith.Folders.Workers.dll
  Hexalith.Folders.Aspire -> [workspace]/references/Hexalith.Folders/src/Hexalith.Folders.Aspire/bin/Debug/net10.0/Hexalith.Folders.Aspire.dll
  Hexalith.Folders.AppHost -> [workspace]/references/Hexalith.Folders/src/Hexalith.Folders.AppHost/bin/Debug/net10.0/Hexalith.Folders.AppHost.dll

Build succeeded.
    0 Warning(s)
    0 Error(s)

Time Elapsed 00:00:09.45
