xUnit.net v3 In-Process Runner v4.0.1+8ed8aa354c (64-bit .NET 10.0.12)
  Discovering: Hexalith.EventStore.Server.LiveSidecar.Tests
  Discovered:  Hexalith.EventStore.Server.LiveSidecar.Tests
  Starting:    Hexalith.EventStore.Server.LiveSidecar.Tests
    Hexalith.EventStore.Server.LiveSidecar.Tests.Actors.IdempotencyAdmissionOq8PostgresqlTests.ProductionMatrix_IndependentProcessesPreserveAuthorityReplayExpiryAndLeakageInvariants [FAIL]
      Shouldly.ShouldAssertException : writers
          should satisfy the condition
      (result.StatusCode == 202)
          but
      [Oq8CommandObservation { StatusCode = InternalServerError, MessageIdentitySha256 = , ResultSha256 = , ReasonCode =  }]
          do not
      Stack Trace:
        tests/Hexalith.EventStore.Server.LiveSidecar.Tests/Actors/IdempotencyAdmissionOq8PostgresqlTests.cs(51,0): at Hexalith.EventStore.Server.LiveSidecar.Tests.Actors.IdempotencyAdmissionOq8PostgresqlTests.ProductionMatrix_IndependentProcessesPreserveAuthorityReplayExpiryAndLeakageInvariants()
           at System.Runtime.ExceptionServices.ExceptionDispatchInfo.Throw()
           at System.Runtime.CompilerServices.TaskAwaiter.ThrowForNonSuccess(Task task)
           at System.Runtime.CompilerServices.TaskAwaiter.HandleNonSuccessAndDebuggerNotification(Task task, ConfigureAwaitOptions options)
        --- End of stack trace from previous location ---
           at System.Runtime.ExceptionServices.ExceptionDispatchInfo.Throw()
           at System.Runtime.CompilerServices.TaskAwaiter.ThrowForNonSuccess(Task task)
           at System.Runtime.CompilerServices.TaskAwaiter.HandleNonSuccessAndDebuggerNotification(Task task, ConfigureAwaitOptions options)
  Finished:    Hexalith.EventStore.Server.LiveSidecar.Tests (ID = '10fbc9230c4a0fdb0df86e5488e88125e809fdc2c43afbd5e9e7d8739e2300e1')
=== TEST EXECUTION SUMMARY ===
   Hexalith.EventStore.Server.LiveSidecar.Tests  Total: 1, Errors: 0, Failed: 1, Skipped: 0, Not Run: 0, Time: 11.344s
