test_documents_quote_the_current_builds_and_eventstore_gitlinks (tests.tools.test_g6_packet_references.G6PacketReferenceTests.test_documents_quote_the_current_builds_and_eventstore_gitlinks) ... ok
test_documents_quote_the_reviewed_packet_hash (tests.tools.test_g6_packet_references.G6PacketReferenceTests.test_documents_quote_the_reviewed_packet_hash) ... ok
test_readme_quotes_every_bound_submodule_gitlink (tests.tools.test_g6_packet_references.G6PacketReferenceTests.test_readme_quotes_every_bound_submodule_gitlink) ... ok
test_replaced_packet_hashes_appear_only_as_replaced (tests.tools.test_g6_packet_references.G6PacketReferenceTests.test_replaced_packet_hashes_appear_only_as_replaced) ... ok
test_sprint_status_current_keys_carry_the_packet_and_gitlinks (tests.tools.test_g6_packet_references.G6PacketReferenceTests.test_sprint_status_current_keys_carry_the_packet_and_gitlinks) ... ok
test_accepted_packet_is_usable_without_accepting_p1r (tests.tools.test_g6_packet_references.PacketUsabilityStateTests.test_accepted_packet_is_usable_without_accepting_p1r) ... ok
test_pending_packet_is_unusable_and_preserves_downstream_state (tests.tools.test_g6_packet_references.PacketUsabilityStateTests.test_pending_packet_is_unusable_and_preserves_downstream_state) ... ok
test_acceptance_record_symlink_fails_closed (tests.tools.test_production_authority_guard.ProductionAuthorityGuardTests.test_acceptance_record_symlink_fails_closed) ... ok
test_command_line_exit_codes_enforce_the_boundary (tests.tools.test_production_authority_guard.ProductionAuthorityGuardTests.test_command_line_exit_codes_enforce_the_boundary) ... ok
test_current_p1r_acceptance_keeps_stale_g6_prerequisites_unusable (tests.tools.test_production_authority_guard.ProductionAuthorityGuardTests.test_current_p1r_acceptance_keeps_stale_g6_prerequisites_unusable) ... ok
test_current_production_epics_are_allowed (tests.tools.test_production_authority_guard.ProductionAuthorityGuardTests.test_current_production_epics_are_allowed) ... ok
test_decision_metadata_and_timestamp_fail_closed (tests.tools.test_production_authority_guard.ProductionAuthorityGuardTests.test_decision_metadata_and_timestamp_fail_closed) ... ok
test_each_downstream_category_remains_closed (tests.tools.test_production_authority_guard.ProductionAuthorityGuardTests.test_each_downstream_category_remains_closed) ... ok
test_each_required_closure_site_transitions_atomically (tests.tools.test_production_authority_guard.ProductionAuthorityGuardTests.test_each_required_closure_site_transitions_atomically) ... ok
test_historical_and_unknown_stories_are_rejected (tests.tools.test_production_authority_guard.ProductionAuthorityGuardTests.test_historical_and_unknown_stories_are_rejected) ... ok
test_historical_or_mixed_selected_tuple_cannot_accept_the_current_baseline (tests.tools.test_production_authority_guard.ProductionAuthorityGuardTests.test_historical_or_mixed_selected_tuple_cannot_accept_the_current_baseline) ... ok
test_invalid_utf8_fails_closed (tests.tools.test_production_authority_guard.ProductionAuthorityGuardTests.test_invalid_utf8_fails_closed) ... ok
test_malformed_json_fails_closed (tests.tools.test_production_authority_guard.ProductionAuthorityGuardTests.test_malformed_json_fails_closed) ... ok
test_missing_or_rejected_role_fails_closed_and_names_role (tests.tools.test_production_authority_guard.ProductionAuthorityGuardTests.test_missing_or_rejected_role_fails_closed_and_names_role) ... ok
test_open_gate_passes_without_acceptance_record (tests.tools.test_production_authority_guard.ProductionAuthorityGuardTests.test_open_gate_passes_without_acceptance_record) ... ok
test_p0_capability_and_blocker_fields_cannot_advance (tests.tools.test_production_authority_guard.ProductionAuthorityGuardTests.test_p0_capability_and_blocker_fields_cannot_advance) ... ok
test_scheduling_authority_and_history_fail_closed (tests.tools.test_production_authority_guard.ProductionAuthorityGuardTests.test_scheduling_authority_and_history_fail_closed) ... ok
test_selected_and_rollback_coordinate_mismatches_fail_closed (tests.tools.test_production_authority_guard.ProductionAuthorityGuardTests.test_selected_and_rollback_coordinate_mismatches_fail_closed) ... ok
test_selected_baseline_matches_the_explicit_current_owner_decision (tests.tools.test_production_authority_guard.ProductionAuthorityGuardTests.test_selected_baseline_matches_the_explicit_current_owner_decision) ... ok
test_story_mode_uses_all_supplied_paths_and_reads_sprint_once (tests.tools.test_production_authority_guard.ProductionAuthorityGuardTests.test_story_mode_uses_all_supplied_paths_and_reads_sprint_once) ... ok
test_unauthorized_closure_fails_closed (tests.tools.test_production_authority_guard.ProductionAuthorityGuardTests.test_unauthorized_closure_fails_closed) ... ok
test_valid_acceptance_closes_only_the_four_authorized_items (tests.tools.test_production_authority_guard.ProductionAuthorityGuardTests.test_valid_acceptance_closes_only_the_four_authorized_items) ... ok
test_workflows_and_ci_consume_only_the_minimal_guard (tests.tools.test_production_authority_guard.ProductionAuthorityGuardTests.test_workflows_and_ci_consume_only_the_minimal_guard) ... ok

----------------------------------------------------------------------
Ran 28 tests in 1.640s

OK
