test_binding_that_is_not_a_gitlink_fails (tests.tools.test_check_g6_packet_gitlinks.PacketGitlinkCheckTests.test_binding_that_is_not_a_gitlink_fails) ... ok
test_binding_that_is_not_an_object_fails (tests.tools.test_check_g6_packet_gitlinks.PacketGitlinkCheckTests.test_binding_that_is_not_an_object_fails) ... ok
test_exact_gitlinks_pass (tests.tools.test_check_g6_packet_gitlinks.PacketGitlinkCheckTests.test_exact_gitlinks_pass) ... ok
test_missing_git_is_reported_as_git_unavailable (tests.tools.test_check_g6_packet_gitlinks.PacketGitlinkCheckTests.test_missing_git_is_reported_as_git_unavailable) ... ok
test_missing_gitlink_path_fails (tests.tools.test_check_g6_packet_gitlinks.PacketGitlinkCheckTests.test_missing_gitlink_path_fails) ... ok
test_packet_that_is_not_an_object_fails (tests.tools.test_check_g6_packet_gitlinks.PacketGitlinkCheckTests.test_packet_that_is_not_an_object_fails) ... ok
test_packet_without_submodule_bindings_fails (tests.tools.test_check_g6_packet_gitlinks.PacketGitlinkCheckTests.test_packet_without_submodule_bindings_fails) ... ok
test_submodule_bump_after_capture_fails (tests.tools.test_check_g6_packet_gitlinks.PacketGitlinkCheckTests.test_submodule_bump_after_capture_fails) ... ok
test_workspace_without_a_git_index_is_reported_as_git_unavailable (tests.tools.test_check_g6_packet_gitlinks.PacketGitlinkCheckTests.test_workspace_without_a_git_index_is_reported_as_git_unavailable) ... ok
test_accepted_packet_runs_the_accepted_only_validator (tests.tools.test_run_g6_candidate_gate.StatusAwareGateTests.test_accepted_packet_runs_the_accepted_only_validator) ... ok
test_builds_execution_sha_that_differs_from_the_gitlink_fails (tests.tools.test_run_g6_candidate_gate.StatusAwareGateTests.test_builds_execution_sha_that_differs_from_the_gitlink_fails) ... ok
test_commented_builds_reference_is_ignored (tests.tools.test_run_g6_candidate_gate.StatusAwareGateTests.test_commented_builds_reference_is_ignored) ... ok
test_failing_validator_fails_the_gate_and_the_other_checks_still_report (tests.tools.test_run_g6_candidate_gate.StatusAwareGateTests.test_failing_validator_fails_the_gate_and_the_other_checks_still_report) ... ok
test_packet_that_is_not_an_object_fails (tests.tools.test_run_g6_candidate_gate.StatusAwareGateTests.test_packet_that_is_not_an_object_fails) ... ok
test_pending_packet_runs_the_candidate_validator (tests.tools.test_run_g6_candidate_gate.StatusAwareGateTests.test_pending_packet_runs_the_candidate_validator) ... ok
test_submodule_gitlink_drift_fails (tests.tools.test_run_g6_candidate_gate.StatusAwareGateTests.test_submodule_gitlink_drift_fails) ... ok
test_two_builds_execution_shas_fail (tests.tools.test_run_g6_candidate_gate.StatusAwareGateTests.test_two_builds_execution_shas_fail) ... ok
test_unknown_status_fails_without_running_the_validator (tests.tools.test_run_g6_candidate_gate.StatusAwareGateTests.test_unknown_status_fails_without_running_the_validator) ... ok
test_workflow_without_builds_references_fails (tests.tools.test_run_g6_candidate_gate.StatusAwareGateTests.test_workflow_without_builds_references_fails) ... ok
test_failed_launch_with_cid_removes_only_that_exact_container (tests.tools.test_g6_qualification_runner.QualificationContainerCleanupTests.test_failed_launch_with_cid_removes_only_that_exact_container) ... ok
test_failed_launch_without_cid_does_not_target_any_container (tests.tools.test_g6_qualification_runner.QualificationContainerCleanupTests.test_failed_launch_without_cid_does_not_target_any_container) ... ok
test_actual_assets_retain_transitive_families_and_exact_preview_exclusions (tests.tools.test_g6_qualification_runner.QualificationEvidenceRetentionTests.test_actual_assets_retain_transitive_families_and_exact_preview_exclusions) ... ok
test_actual_mcp_assets_require_transitive_dapr_client (tests.tools.test_g6_qualification_runner.QualificationEvidenceRetentionTests.test_actual_mcp_assets_require_transitive_dapr_client) ... ok
test_cleanup_failure_is_retained_even_when_commands_pass (tests.tools.test_g6_qualification_runner.QualificationEvidenceRetentionTests.test_cleanup_failure_is_retained_even_when_commands_pass) ... ok
test_failed_fresh_build_never_executes_fixture_dll (tests.tools.test_g6_qualification_runner.QualificationEvidenceRetentionTests.test_failed_fresh_build_never_executes_fixture_dll) ... ok
test_failed_support_keeps_actual_counts_and_safe_identities (tests.tools.test_g6_qualification_runner.QualificationEvidenceRetentionTests.test_failed_support_keeps_actual_counts_and_safe_identities) ... ok
test_fixture_disagreement_keeps_cleanup_false (tests.tools.test_g6_qualification_runner.QualificationEvidenceRetentionTests.test_fixture_disagreement_keeps_cleanup_false) ... ok
test_process_group_disappearance_after_kill_is_proven (tests.tools.test_g6_qualification_runner.QualificationEvidenceRetentionTests.test_process_group_disappearance_after_kill_is_proven) ... ok
test_source_drift_retains_original_snapshot_and_failure (tests.tools.test_g6_qualification_runner.QualificationEvidenceRetentionTests.test_source_drift_retains_original_snapshot_and_failure) ... ok
test_still_present_process_group_keeps_cleanup_false (tests.tools.test_g6_qualification_runner.QualificationEvidenceRetentionTests.test_still_present_process_group_keeps_cleanup_false) ... ok
test_unverifiable_process_group_keeps_cleanup_false (tests.tools.test_g6_qualification_runner.QualificationEvidenceRetentionTests.test_unverifiable_process_group_keeps_cleanup_false) ... ok
test_acceptance_record_symlink_fails_closed (tests.tools.test_production_authority_guard.ProductionAuthorityGuardTests.test_acceptance_record_symlink_fails_closed) ... ok
test_command_line_exit_codes_enforce_the_boundary (tests.tools.test_production_authority_guard.ProductionAuthorityGuardTests.test_command_line_exit_codes_enforce_the_boundary) ... ok
test_current_p1r_acceptance_keeps_stale_g6_prerequisites_unusable (tests.tools.test_production_authority_guard.ProductionAuthorityGuardTests.test_current_p1r_acceptance_keeps_stale_g6_prerequisites_unusable) ... ok
test_current_production_epics_are_allowed (tests.tools.test_production_authority_guard.ProductionAuthorityGuardTests.test_current_production_epics_are_allowed) ... ok
test_decision_metadata_and_timestamp_fail_closed (tests.tools.test_production_authority_guard.ProductionAuthorityGuardTests.test_decision_metadata_and_timestamp_fail_closed) ... ok
test_each_downstream_category_remains_closed (tests.tools.test_production_authority_guard.ProductionAuthorityGuardTests.test_each_downstream_category_remains_closed) ... ok
test_each_required_closure_site_transitions_atomically (tests.tools.test_production_authority_guard.ProductionAuthorityGuardTests.test_each_required_closure_site_transitions_atomically) ... ok
test_historical_and_unknown_stories_are_rejected (tests.tools.test_production_authority_guard.ProductionAuthorityGuardTests.test_historical_and_unknown_stories_are_rejected) ... ok
test_historical_or_mixed_selected_tuple_cannot_accept_the_current_baseline (tests.tools.test_production_authority_guard.ProductionAuthorityGuardTests.test_historical_or_mixed_selected_tuple_cannot_accept_the_current_baseline) ... ok
test_invalid_utf8_fails_closed (tests.tools.test_production_authority_guard.ProductionAuthorityGuardTests.test_invalid_utf8_fails_closed) ... ok
test_malformed_json_fails_closed (tests.tools.test_production_authority_guard.ProductionAuthorityGuardTests.test_malformed_json_fails_closed) ... ok
test_missing_or_rejected_role_fails_closed_and_names_role (tests.tools.test_production_authority_guard.ProductionAuthorityGuardTests.test_missing_or_rejected_role_fails_closed_and_names_role) ... ok
test_open_gate_passes_without_acceptance_record (tests.tools.test_production_authority_guard.ProductionAuthorityGuardTests.test_open_gate_passes_without_acceptance_record) ... ok
test_p0_capability_and_blocker_fields_cannot_advance (tests.tools.test_production_authority_guard.ProductionAuthorityGuardTests.test_p0_capability_and_blocker_fields_cannot_advance) ... ok
test_scheduling_authority_and_history_fail_closed (tests.tools.test_production_authority_guard.ProductionAuthorityGuardTests.test_scheduling_authority_and_history_fail_closed) ... ok
test_selected_and_rollback_coordinate_mismatches_fail_closed (tests.tools.test_production_authority_guard.ProductionAuthorityGuardTests.test_selected_and_rollback_coordinate_mismatches_fail_closed) ... ok
test_selected_baseline_matches_the_explicit_current_owner_decision (tests.tools.test_production_authority_guard.ProductionAuthorityGuardTests.test_selected_baseline_matches_the_explicit_current_owner_decision) ... ok
test_story_mode_uses_all_supplied_paths_and_reads_sprint_once (tests.tools.test_production_authority_guard.ProductionAuthorityGuardTests.test_story_mode_uses_all_supplied_paths_and_reads_sprint_once) ... ok
test_unauthorized_closure_fails_closed (tests.tools.test_production_authority_guard.ProductionAuthorityGuardTests.test_unauthorized_closure_fails_closed) ... ok
test_valid_acceptance_closes_only_the_four_authorized_items (tests.tools.test_production_authority_guard.ProductionAuthorityGuardTests.test_valid_acceptance_closes_only_the_four_authorized_items) ... ok
test_workflows_and_ci_consume_only_the_minimal_guard (tests.tools.test_production_authority_guard.ProductionAuthorityGuardTests.test_workflows_and_ci_consume_only_the_minimal_guard) ... ok

----------------------------------------------------------------------
Ran 52 tests in 2.865s

OK
