
Welcome to .NET 10.0!
---------------------
SDK Version: 10.0.401

Telemetry
---------
The .NET tools collect usage data in order to help us improve your experience. It is collected by Microsoft and shared with the community. You can opt-out of telemetry by setting the DOTNET_CLI_TELEMETRY_OPTOUT environment variable to '1' or 'true' using your favorite shell.

Read more about .NET CLI Tools telemetry: https://aka.ms/dotnet-cli-telemetry

----------------
Installed an ASP.NET Core HTTPS development certificate.
To trust the certificate, run 'dotnet dev-certs https --trust'
Learn about HTTPS: https://aka.ms/dotnet-https

----------------
Write your first app: https://aka.ms/dotnet-hello-world
Find out what's new: https://aka.ms/dotnet-whats-new
Explore documentation: https://aka.ms/dotnet-docs
Report issues and find source on GitHub: https://github.com/dotnet/core
Use 'dotnet --help' to see available commands or visit: https://aka.ms/dotnet-cli
--------------------------------------------------------------------------------------
  Determining projects to restore...
  Restored /tmp/hexalith-p1r-3106-attempt9.xF8z3V/builds-candidate/src/libraries/Hexalith.Builds.Evidence.Cli/Hexalith.Builds.Evidence.Cli.csproj (in 1.16 sec).
  Restored /tmp/hexalith-p1r-3106-attempt9.xF8z3V/builds-candidate/test/Hexalith.Builds.Module.Tests/Hexalith.Builds.Module.Tests.csproj (in 1.92 sec).
  Restored /tmp/hexalith-p1r-3106-attempt9.xF8z3V/builds-candidate/test/Hexalith.Builds.Evidence.Tests/Hexalith.Builds.Evidence.Tests.csproj (in 8 ms).
  Restored /tmp/hexalith-p1r-3106-attempt9.xF8z3V/builds-candidate/src/libraries/Hexalith.Builds.Tooling/Hexalith.Builds.Tooling.csproj (in 4 ms).
  Restored /tmp/hexalith-p1r-3106-attempt9.xF8z3V/builds-candidate/test/Hexalith.Builds.Tooling.IntegrationTests/Hexalith.Builds.Tooling.IntegrationTests.csproj (in 8 ms).
  Restored /tmp/hexalith-p1r-3106-attempt9.xF8z3V/builds-candidate/src/libraries/Hexalith.Builds.Module.Cli/Hexalith.Builds.Module.Cli.csproj (in 3 ms).
