  Determining projects to restore...
  Restored [workspace]/references/Hexalith.EventStore/src/Hexalith.EventStore.Contracts/Hexalith.EventStore.Contracts.csproj (in 742 ms).
  Restored [workspace]/references/Hexalith.Tenants/src/Hexalith.Tenants.Contracts/Hexalith.Tenants.Contracts.csproj (in 742 ms).
  Restored [workspace]/references/Hexalith.EventStore/src/Hexalith.EventStore.Admin.Abstractions/Hexalith.EventStore.Admin.Abstractions.csproj (in 13 ms).
  Restored [workspace]/references/Hexalith.EventStore/src/Hexalith.EventStore/Hexalith.EventStore.csproj (in 1.66 sec).
  Restored [workspace]/references/Hexalith.EventStore/src/Hexalith.EventStore.Client/Hexalith.EventStore.Client.csproj (in 921 ms).
  Restored [workspace]/references/Hexalith.EventStore/src/Hexalith.EventStore.ServiceDefaults/Hexalith.EventStore.ServiceDefaults.csproj (in 46 ms).
  Restored [workspace]/references/Hexalith.EventStore/src/Hexalith.EventStore.Testing/Hexalith.EventStore.Testing.csproj (in 1.66 sec).
  Restored [workspace]/references/Hexalith.EventStore/src/Hexalith.EventStore.Server/Hexalith.EventStore.Server.csproj (in 851 ms).
  Restored [workspace]/references/Hexalith.EventStore/src/Hexalith.EventStore.Gateway/Hexalith.EventStore.Gateway.csproj (in 76 ms).
  Restored [workspace]/references/Hexalith.EventStore/src/Hexalith.EventStore.DomainService/Hexalith.EventStore.DomainService.csproj (in 13 ms).
  Restored [workspace]/references/Hexalith.EventStore/samples/Hexalith.EventStore.Sample.Contracts/Hexalith.EventStore.Sample.Contracts.csproj (in 8 ms).
  Restored [workspace]/references/Hexalith.EventStore/samples/Hexalith.EventStore.Sample/Hexalith.EventStore.Sample.csproj (in 15 ms).
  Restored [workspace]/references/Hexalith.Commons/src/libraries/Hexalith.Commons.UniqueIds/Hexalith.Commons.UniqueIds.csproj (in 6 ms).
  Restored [workspace]/references/Hexalith.EventStore/src/Hexalith.EventStore.Testing.Integration/Hexalith.EventStore.Testing.Integration.csproj (in 1.89 sec).
  Restored [workspace]/references/Hexalith.EventStore/tests/Hexalith.EventStore.Server.LiveSidecar.Tests/Hexalith.EventStore.Server.LiveSidecar.Tests.csproj (in 3.59 sec).
  Hexalith.Commons.UniqueIds -> [workspace]/references/Hexalith.Commons/src/libraries/Hexalith.Commons.UniqueIds/bin/Debug/net10.0/Hexalith.Commons.UniqueIds.dll
  Successfully created package '[workspace]/references/Hexalith.Commons/src/libraries/Hexalith.Commons.UniqueIds/bin/Debug/Hexalith.Commons.UniqueIds.1.0.0.nupkg'.
  Successfully created package '[workspace]/references/Hexalith.Commons/src/libraries/Hexalith.Commons.UniqueIds/bin/Debug/Hexalith.Commons.UniqueIds.1.0.0.snupkg'.
  Hexalith.EventStore.Contracts -> [workspace]/references/Hexalith.EventStore/src/Hexalith.EventStore.Contracts/bin/Debug/net10.0/Hexalith.EventStore.Contracts.dll
  Hexalith.EventStore.Client -> [workspace]/references/Hexalith.EventStore/src/Hexalith.EventStore.Client/bin/Debug/net10.0/Hexalith.EventStore.Client.dll
  Hexalith.EventStore.ServiceDefaults -> [workspace]/references/Hexalith.EventStore/src/Hexalith.EventStore.ServiceDefaults/bin/Debug/net10.0/Hexalith.EventStore.ServiceDefaults.dll
  Hexalith.EventStore.DomainService -> [workspace]/references/Hexalith.EventStore/src/Hexalith.EventStore.DomainService/bin/Debug/net10.0/Hexalith.EventStore.DomainService.dll
  Hexalith.EventStore.Sample.Contracts -> [workspace]/references/Hexalith.EventStore/samples/Hexalith.EventStore.Sample.Contracts/bin/Debug/net10.0/Hexalith.EventStore.Sample.Contracts.dll
  Hexalith.EventStore.Sample -> [workspace]/references/Hexalith.EventStore/samples/Hexalith.EventStore.Sample/bin/Debug/net10.0/Hexalith.EventStore.Sample.dll
  Hexalith.Commons.UniqueIds -> [workspace]/references/Hexalith.Commons/src/libraries/Hexalith.Commons.UniqueIds/bin/Debug/net10.0/Hexalith.Commons.UniqueIds.dll
  Successfully created package '[workspace]/references/Hexalith.Commons/src/libraries/Hexalith.Commons.UniqueIds/bin/Debug/Hexalith.Commons.UniqueIds.3.110.0.nupkg'.
  Successfully created package '[workspace]/references/Hexalith.Commons/src/libraries/Hexalith.Commons.UniqueIds/bin/Debug/Hexalith.Commons.UniqueIds.3.110.0.snupkg'.
  Hexalith.EventStore.Contracts -> [workspace]/references/Hexalith.EventStore/src/Hexalith.EventStore.Contracts/bin/Debug/net10.0/Hexalith.EventStore.Contracts.dll
  Hexalith.Tenants.Contracts -> [workspace]/references/Hexalith.Tenants/src/Hexalith.Tenants.Contracts/bin/Debug/net10.0/Hexalith.Tenants.Contracts.dll
  Hexalith.EventStore.Admin.Abstractions -> [workspace]/references/Hexalith.EventStore/src/Hexalith.EventStore.Admin.Abstractions/bin/Debug/net10.0/Hexalith.EventStore.Admin.Abstractions.dll
  Hexalith.EventStore.Server -> [workspace]/references/Hexalith.EventStore/src/Hexalith.EventStore.Server/bin/Debug/net10.0/Hexalith.EventStore.Server.dll
  Hexalith.EventStore.Gateway -> [workspace]/references/Hexalith.EventStore/src/Hexalith.EventStore.Gateway/bin/Debug/net10.0/Hexalith.EventStore.Gateway.dll
  Hexalith.EventStore -> [workspace]/references/Hexalith.EventStore/src/Hexalith.EventStore/bin/Debug/net10.0/Hexalith.EventStore.dll
  Hexalith.EventStore.Testing -> [workspace]/references/Hexalith.EventStore/src/Hexalith.EventStore.Testing/bin/Debug/net10.0/Hexalith.EventStore.Testing.dll
  Hexalith.EventStore.Testing.Integration -> [workspace]/references/Hexalith.EventStore/src/Hexalith.EventStore.Testing.Integration/bin/Debug/net10.0/Hexalith.EventStore.Testing.Integration.dll
  Hexalith.EventStore.Server.LiveSidecar.Tests -> [workspace]/references/Hexalith.EventStore/tests/Hexalith.EventStore.Server.LiveSidecar.Tests/bin/Debug/net10.0/Hexalith.EventStore.Server.LiveSidecar.Tests.dll

Build succeeded.
    0 Warning(s)
    0 Error(s)

Time Elapsed 00:00:28.40
