76051c70cbf868c40edc00ca0344fa5bd8879b69
v3.106.0
{
  "packages": [
    {
      "id": "Hexalith.EventStore.Contracts",
      "project": "src/Hexalith.EventStore.Contracts/Hexalith.EventStore.Contracts.csproj"
    },
    {
      "id": "Hexalith.EventStore.Client",
      "project": "src/Hexalith.EventStore.Client/Hexalith.EventStore.Client.csproj"
    },
    {
      "id": "Hexalith.EventStore.Server",
      "project": "src/Hexalith.EventStore.Server/Hexalith.EventStore.Server.csproj"
    },
    {
      "id": "Hexalith.EventStore.SignalR",
      "project": "src/Hexalith.EventStore.SignalR/Hexalith.EventStore.SignalR.csproj"
    },
    {
      "id": "Hexalith.EventStore.Testing",
      "project": "src/Hexalith.EventStore.Testing/Hexalith.EventStore.Testing.csproj"
    },
    {
      "id": "Hexalith.EventStore.Testing.Integration",
      "project": "src/Hexalith.EventStore.Testing.Integration/Hexalith.EventStore.Testing.Integration.csproj"
    },
    {
      "id": "Hexalith.EventStore.Aspire",
      "project": "src/Hexalith.EventStore.Aspire/Hexalith.EventStore.Aspire.csproj"
    },
    {
      "id": "Hexalith.EventStore.ServiceDefaults",
      "project": "src/Hexalith.EventStore.ServiceDefaults/Hexalith.EventStore.ServiceDefaults.csproj"
    },
    {
      "id": "Hexalith.EventStore.DomainService",
      "project": "src/Hexalith.EventStore.DomainService/Hexalith.EventStore.DomainService.csproj"
    },
    {
      "id": "Hexalith.EventStore.RestApi.Generators",
      "project": "src/Hexalith.EventStore.RestApi.Generators/Hexalith.EventStore.RestApi.Generators.csproj"
    },
    {
      "id": "Hexalith.EventStore.Gateway",
      "project": "src/Hexalith.EventStore.Gateway/Hexalith.EventStore.Gateway.csproj"
    },
    {
      "id": "Hexalith.EventStore.Admin.Abstractions",
      "project": "src/Hexalith.EventStore.Admin.Abstractions/Hexalith.EventStore.Admin.Abstractions.csproj"
    },
    {
      "id": "Hexalith.EventStore.Admin.Cli",
      "project": "src/Hexalith.EventStore.Admin.Cli/Hexalith.EventStore.Admin.Cli.csproj"
    },
    {
      "id": "Hexalith.EventStore.Admin.Server",
      "project": "src/Hexalith.EventStore.Admin.Server/Hexalith.EventStore.Admin.Server.csproj"
    }
  ]
}
6b0b70b856839d4117bcd969f6a2de0093c477c109cb79f3f2882b1f05effcae  /home/administrator/projects/hexalith/projects/_bmad-output/implementation-artifacts/qualification-evidence/6-1-p1r-3106-20260921-attempt5/eventstore-release-packages-v3.106.0.json
M	src/Hexalith.EventStore.Client/Gateway/EventStoreGatewayClient.cs
M	src/Hexalith.EventStore.Client/Gateway/IEventStoreGatewayClient.cs
M	src/Hexalith.EventStore.Contracts/Commands/CommandStatusQueryResponse.cs
M	src/Hexalith.EventStore.Gateway/Hexalith.EventStore.Gateway.csproj
M	src/Hexalith.EventStore.PayloadProtection/Base64UrlCodec.cs
M	src/Hexalith.EventStore.PayloadProtection/BoundedJsonDocument.cs
M	src/Hexalith.EventStore.PayloadProtection/CoreProtectionResult.cs
M	src/Hexalith.EventStore.PayloadProtection/CoreUnprotectionResult.cs
M	src/Hexalith.EventStore.PayloadProtection/EnvelopeCodec.cs
M	src/Hexalith.EventStore.PayloadProtection/PayloadCryptography.cs
M	src/Hexalith.EventStore.PayloadProtection/PayloadProtectionCore.cs
M	src/Hexalith.EventStore.PayloadProtection/PayloadProtectionDiagnostics.cs
M	src/Hexalith.EventStore.PayloadProtection/PayloadProtectionWireFormat.cs
M	src/Hexalith.EventStore.Server/Commands/ArchivedCommandExtensions.cs
M	src/Hexalith.EventStore/Authorization/ITrustedCommandExtensionPolicy.cs
M	src/Hexalith.EventStore/Controllers/CommandsController.cs
M	src/Hexalith.EventStore/Queries/DaprDomainQueryInvoker.cs
M	src/Hexalith.EventStore/Validation/ExtensionMetadataSanitizer.cs
