.gitattributes: OK
.gitignore: OK
README.md: OK
command-ledger.jsonl: OK
commands/bld-align-000-commitlint.sh: OK
commands/bld-align-001-static-parity.sh: OK
commands/es-001-coordinates.sh: OK
eventstore-release-packages-v3.106.0.json: OK
logs/bld-align-000-commitlint.log: OK
logs/bld-align-001-static-parity.log: OK
logs/es-001-coordinates.log: OK
.gitattributes: OK
.gitignore: OK
README.md: OK
command-ledger.jsonl: OK
commands/bld-align-000-commitlint.sh: OK
commands/bld-align-001-static-parity.sh: OK
commands/es-001-coordinates.sh: OK
eventstore-release-packages-v3.106.0.json: OK
logs/bld-align-000-commitlint.log: OK
logs/bld-align-001-static-parity.log: OK
logs/es-001-coordinates.log: OK
.gitattributes: OK
.gitignore: OK
README.md: OK
command-ledger.jsonl: OK
commands/bld-align-000-commitlint.sh: OK
commands/bld-align-001-static-parity.sh: OK
commands/bld-align-002-catalog.sh: OK
commands/bld-align-003-audit.sh: OK
commands/es-001-coordinates.sh: OK
commands/es-002-api-blobs.sh: OK
commands/es-source-001-restore.sh: OK
commands/es-source-002-build.sh: OK
commands/es-source-003-contracts-test.sh: OK
commands/es-source-post-failure-state.sh: OK
eventstore-release-packages-v3.106.0.json: OK
logs/bld-align-000-commitlint.log: OK
logs/bld-align-001-static-parity.log: OK
logs/bld-align-002-catalog.log: OK
logs/bld-align-003-audit.log: OK
logs/es-001-coordinates.log: OK
logs/es-002-api-blobs.log: OK
logs/es-source-001-restore.log: OK
logs/es-source-002-build.log: OK
logs/es-source-003-contracts-test.log: OK
logs/es-source-post-failure-state.log: OK
seven-api-blobs.tsv: OK
.gitattributes: OK
.gitignore: OK
README.md: OK
command-ledger.jsonl: OK
commands/bld-align-000-commitlint.sh: OK
commands/bld-align-001-static-parity.sh: OK
commands/bld-align-002-catalog.sh: OK
commands/bld-align-003-audit.sh: OK
commands/es-001-coordinates.sh: OK
commands/es-002-api-blobs.sh: OK
commands/es-source-001-restore.sh: OK
commands/es-source-002-build.sh: OK
commands/es-source-003-contracts-test.sh: OK
commands/es-source-004-client-test.sh: OK
commands/es-source-post-failure-state.sh: OK
commands/history-001-prior-manifests.sh: OK
eventstore-release-packages-v3.106.0.json: OK
logs/bld-align-000-commitlint.log: OK
logs/bld-align-001-static-parity.log: OK
logs/bld-align-002-catalog.log: OK
logs/bld-align-003-audit.log: OK
logs/es-001-coordinates.log: OK
logs/es-002-api-blobs.log: OK
logs/es-source-001-restore.log: OK
logs/es-source-002-build.log: OK
logs/es-source-003-contracts-test.log: OK
logs/es-source-004-client-test.log: OK
logs/es-source-post-failure-state.log: OK
logs/history-001-prior-manifests.log: OK
seven-api-blobs.tsv: OK
