  Determining projects to restore...
  Restored [workspace]/references/Hexalith.EventStore/src/Hexalith.EventStore.RestApi.Generators/Hexalith.EventStore.RestApi.Generators.csproj (in 501 ms).
  Restored [workspace]/references/Hexalith.EventStore/tests/Hexalith.EventStore.TestSubscriber/Hexalith.EventStore.TestSubscriber.csproj (in 501 ms).
  Restored [workspace]/references/Hexalith.EventStore/src/Hexalith.EventStore.SignalR/Hexalith.EventStore.SignalR.csproj (in 501 ms).
  Restored [workspace]/references/Hexalith.EventStore/src/Hexalith.EventStore.Admin.Server/Hexalith.EventStore.Admin.Server.csproj (in 501 ms).
  Restored [workspace]/references/Hexalith.Tenants/src/Hexalith.Tenants.Api/Hexalith.Tenants.Api.csproj (in 501 ms).
  Restored [workspace]/references/Hexalith.EventStore/samples/Hexalith.EventStore.Sample.BlazorUI/Hexalith.EventStore.Sample.BlazorUI.csproj (in 501 ms).
  Restored [workspace]/references/Hexalith.EventStore/src/Hexalith.EventStore.Admin.Server.Host/Hexalith.EventStore.Admin.Server.Host.csproj (in 433 ms).
  Restored [workspace]/references/Hexalith.EventStore/samples/Hexalith.EventStore.Sample.Api/Hexalith.EventStore.Sample.Api.csproj (in 501 ms).
  Restored [workspace]/references/Hexalith.EventStore/src/Hexalith.EventStore.Admin.UI/Hexalith.EventStore.Admin.UI.csproj (in 501 ms).
  Restored [workspace]/references/Hexalith.EventStore/src/Hexalith.EventStore.AppHost/Hexalith.EventStore.AppHost.csproj (in 2.11 sec).
  15 of 25 projects are up-to-date for restore.
  Hexalith.Commons.UniqueIds -> [workspace]/references/Hexalith.Commons/src/libraries/Hexalith.Commons.UniqueIds/bin/Debug/net10.0/Hexalith.Commons.UniqueIds.dll
  Successfully created package '[workspace]/references/Hexalith.Commons/src/libraries/Hexalith.Commons.UniqueIds/bin/Debug/Hexalith.Commons.UniqueIds.1.0.0.nupkg'.
  Successfully created package '[workspace]/references/Hexalith.Commons/src/libraries/Hexalith.Commons.UniqueIds/bin/Debug/Hexalith.Commons.UniqueIds.1.0.0.snupkg'.
  Hexalith.EventStore.Contracts -> [workspace]/references/Hexalith.EventStore/src/Hexalith.EventStore.Contracts/bin/Debug/net10.0/Hexalith.EventStore.Contracts.dll
  Hexalith.EventStore.Admin.Abstractions -> [workspace]/references/Hexalith.EventStore/src/Hexalith.EventStore.Admin.Abstractions/bin/Debug/net10.0/Hexalith.EventStore.Admin.Abstractions.dll
  Hexalith.Commons.UniqueIds -> [workspace]/references/Hexalith.Commons/src/libraries/Hexalith.Commons.UniqueIds/bin/Debug/net10.0/Hexalith.Commons.UniqueIds.dll
  Successfully created package '[workspace]/references/Hexalith.Commons/src/libraries/Hexalith.Commons.UniqueIds/bin/Debug/Hexalith.Commons.UniqueIds.3.110.0.nupkg'.
  Successfully created package '[workspace]/references/Hexalith.Commons/src/libraries/Hexalith.Commons.UniqueIds/bin/Debug/Hexalith.Commons.UniqueIds.3.110.0.snupkg'.
  Hexalith.EventStore.Contracts -> [workspace]/references/Hexalith.EventStore/src/Hexalith.EventStore.Contracts/bin/Debug/net10.0/Hexalith.EventStore.Contracts.dll
  Hexalith.Tenants.Contracts -> [workspace]/references/Hexalith.Tenants/src/Hexalith.Tenants.Contracts/bin/Debug/net10.0/Hexalith.Tenants.Contracts.dll
  Hexalith.EventStore.Admin.Server -> [workspace]/references/Hexalith.EventStore/src/Hexalith.EventStore.Admin.Server/bin/Debug/net10.0/Hexalith.EventStore.Admin.Server.dll
  Hexalith.EventStore.ServiceDefaults -> [workspace]/references/Hexalith.EventStore/src/Hexalith.EventStore.ServiceDefaults/bin/Debug/net10.0/Hexalith.EventStore.ServiceDefaults.dll
  Hexalith.EventStore.Admin.Server.Host -> [workspace]/references/Hexalith.EventStore/src/Hexalith.EventStore.Admin.Server.Host/bin/Debug/net10.0/Hexalith.EventStore.Admin.Server.Host.dll
  Hexalith.EventStore.Client -> [workspace]/references/Hexalith.EventStore/src/Hexalith.EventStore.Client/bin/Debug/net10.0/Hexalith.EventStore.Client.dll
  Hexalith.EventStore.SignalR -> [workspace]/references/Hexalith.EventStore/src/Hexalith.EventStore.SignalR/bin/Debug/net10.0/Hexalith.EventStore.SignalR.dll
  Hexalith.EventStore.Admin.UI -> [workspace]/references/Hexalith.EventStore/src/Hexalith.EventStore.Admin.UI/bin/Debug/net10.0/Hexalith.EventStore.Admin.UI.dll
  Hexalith.EventStore.DomainService -> [workspace]/references/Hexalith.EventStore/src/Hexalith.EventStore.DomainService/bin/Debug/net10.0/Hexalith.EventStore.DomainService.dll
  Hexalith.EventStore.Server -> [workspace]/references/Hexalith.EventStore/src/Hexalith.EventStore.Server/bin/Debug/net10.0/Hexalith.EventStore.Server.dll
  Hexalith.EventStore.Gateway -> [workspace]/references/Hexalith.EventStore/src/Hexalith.EventStore.Gateway/bin/Debug/net10.0/Hexalith.EventStore.Gateway.dll
  Hexalith.EventStore -> [workspace]/references/Hexalith.EventStore/src/Hexalith.EventStore/bin/Debug/net10.0/Hexalith.EventStore.dll
  Hexalith.EventStore.Sample.Contracts -> [workspace]/references/Hexalith.EventStore/samples/Hexalith.EventStore.Sample.Contracts/bin/Debug/net10.0/Hexalith.EventStore.Sample.Contracts.dll
  Hexalith.EventStore.Sample -> [workspace]/references/Hexalith.EventStore/samples/Hexalith.EventStore.Sample/bin/Debug/net10.0/Hexalith.EventStore.Sample.dll
  Hexalith.EventStore.Sample.BlazorUI -> [workspace]/references/Hexalith.EventStore/samples/Hexalith.EventStore.Sample.BlazorUI/bin/Debug/net10.0/Hexalith.EventStore.Sample.BlazorUI.dll
  Hexalith.EventStore.RestApi.Generators -> [workspace]/references/Hexalith.EventStore/src/Hexalith.EventStore.RestApi.Generators/bin/Debug/netstandard2.0/Hexalith.EventStore.RestApi.Generators.dll
  Hexalith.EventStore.Sample.Api -> [workspace]/references/Hexalith.EventStore/samples/Hexalith.EventStore.Sample.Api/bin/Debug/net10.0/Hexalith.EventStore.Sample.Api.dll
  Hexalith.EventStore.TestSubscriber -> [workspace]/references/Hexalith.EventStore/tests/Hexalith.EventStore.TestSubscriber/bin/Debug/net10.0/Hexalith.EventStore.TestSubscriber.dll
  Hexalith.EventStore.Client -> [workspace]/references/Hexalith.EventStore/src/Hexalith.EventStore.Client/bin/Debug/net10.0/Hexalith.EventStore.Client.dll
  Hexalith.EventStore.ServiceDefaults -> [workspace]/references/Hexalith.EventStore/src/Hexalith.EventStore.ServiceDefaults/bin/Debug/net10.0/Hexalith.EventStore.ServiceDefaults.dll
  Hexalith.EventStore.DomainService -> [workspace]/references/Hexalith.EventStore/src/Hexalith.EventStore.DomainService/bin/Debug/net10.0/Hexalith.EventStore.DomainService.dll
  Hexalith.EventStore.Server -> [workspace]/references/Hexalith.EventStore/src/Hexalith.EventStore.Server/bin/Debug/net10.0/Hexalith.EventStore.Server.dll
  Hexalith.Tenants.Server -> [workspace]/references/Hexalith.Tenants/src/Hexalith.Tenants.Server/bin/Debug/net10.0/Hexalith.Tenants.Server.dll
  Hexalith.EventStore.Admin.Abstractions -> [workspace]/references/Hexalith.EventStore/src/Hexalith.EventStore.Admin.Abstractions/bin/Debug/net10.0/Hexalith.EventStore.Admin.Abstractions.dll
  Hexalith.EventStore.Gateway -> [workspace]/references/Hexalith.EventStore/src/Hexalith.EventStore.Gateway/bin/Debug/net10.0/Hexalith.EventStore.Gateway.dll
  Hexalith.Tenants -> [workspace]/references/Hexalith.Tenants/src/Hexalith.Tenants/bin/Debug/net10.0/Hexalith.Tenants.dll
  Hexalith.EventStore.RestApi.Generators -> [workspace]/references/Hexalith.EventStore/src/Hexalith.EventStore.RestApi.Generators/bin/Debug/netstandard2.0/Hexalith.EventStore.RestApi.Generators.dll
  Hexalith.Tenants.Api -> [workspace]/references/Hexalith.Tenants/src/Hexalith.Tenants.Api/bin/Debug/net10.0/Hexalith.Tenants.Api.dll
  Hexalith.EventStore.Aspire -> [workspace]/references/Hexalith.EventStore/src/Hexalith.EventStore.Aspire/bin/Debug/net10.0/Hexalith.EventStore.Aspire.dll
  Hexalith.EventStore.AppHost -> [workspace]/references/Hexalith.EventStore/src/Hexalith.EventStore.AppHost/bin/Debug/net10.0/Hexalith.EventStore.AppHost.dll

Build succeeded.
    0 Warning(s)
    0 Error(s)

Time Elapsed 00:00:20.92
