
Welcome to .NET 10.0!
---------------------
SDK Version: 10.0.401

Telemetry
---------
The .NET tools collect usage data in order to help us improve your experience. It is collected by Microsoft and shared with the community. You can opt-out of telemetry by setting the DOTNET_CLI_TELEMETRY_OPTOUT environment variable to '1' or 'true' using your favorite shell.

Read more about .NET CLI Tools telemetry: https://aka.ms/dotnet-cli-telemetry

----------------
Installed an ASP.NET Core HTTPS development certificate.
To trust the certificate, run 'dotnet dev-certs https --trust'
Learn about HTTPS: https://aka.ms/dotnet-https

----------------
Write your first app: https://aka.ms/dotnet-hello-world
Find out what's new: https://aka.ms/dotnet-whats-new
Explore documentation: https://aka.ms/dotnet-docs
Report issues and find source on GitHub: https://github.com/dotnet/core
Use 'dotnet --help' to see available commands or visit: https://aka.ms/dotnet-cli
--------------------------------------------------------------------------------------
  Determining projects to restore...
/home/administrator/projects/hexalith/projects/_bmad-output/implementation-artifacts/qualification-evidence/6-1-p1r-3106-20260921-attempt6/remote-consumer/RemoteConsumer.csproj : error NU1008: The following PackageReference items cannot define a value for Version: Hexalith.EventStore.Contracts, Hexalith.EventStore.Client, Hexalith.EventStore.Server, Hexalith.EventStore.SignalR, Hexalith.EventStore.Testing, Hexalith.EventStore.Testing.Integration, Hexalith.EventStore.Aspire, Hexalith.EventStore.ServiceDefaults, Hexalith.EventStore.DomainService, Hexalith.EventStore.RestApi.Generators, Hexalith.EventStore.Gateway, Hexalith.EventStore.Admin.Abstractions, Hexalith.EventStore.Admin.Server. Projects using Central Package Management must define a Version value on a PackageVersion item. For more information, visit https://aka.ms/nuget/cpm/gettingstarted
  Failed to restore /home/administrator/projects/hexalith/projects/_bmad-output/implementation-artifacts/qualification-evidence/6-1-p1r-3106-20260921-attempt6/remote-consumer/RemoteConsumer.csproj (in 280 ms).
