  Determining projects to restore...
  Restored [workspace]/references/Hexalith.Commons/src/libraries/Hexalith.Commons.Serialization/Hexalith.Commons.Serialization.csproj (in 283 ms).
  Restored [workspace]/references/Hexalith.Folders/src/Hexalith.Folders.Contracts/Hexalith.Folders.Contracts.csproj (in 283 ms).
  Restored [workspace]/references/Hexalith.Memories/src/Hexalith.Memories.Contracts/Hexalith.Memories.Contracts.csproj (in 283 ms).
  Restored [workspace]/tests/Hexalith.Projects.E2E.Fixtures/Hexalith.Projects.E2E.Fixtures.csproj (in 284 ms).
  Restored [workspace]/references/Hexalith.Conversations/src/Hexalith.Conversations.Contracts/Hexalith.Conversations.Contracts.csproj (in 284 ms).
  Restored [workspace]/references/Hexalith.Commons/src/libraries/Hexalith.Commons.Http/Hexalith.Commons.Http.csproj (in 219 ms).
  Restored [workspace]/src/Hexalith.Projects.ServiceDefaults/Hexalith.Projects.ServiceDefaults.csproj (in 348 ms).
  Restored [workspace]/references/Hexalith.Memories/src/Hexalith.Memories.Client.Rest/Hexalith.Memories.Client.Rest.csproj (in 353 ms).
  Restored [workspace]/references/Hexalith.Conversations/src/Hexalith.Conversations.Client/Hexalith.Conversations.Client.csproj (in 348 ms).
  Restored [workspace]/references/Hexalith.Tenants/src/Hexalith.Tenants.Client/Hexalith.Tenants.Client.csproj (in 293 ms).
  Restored [workspace]/references/Hexalith.Tenants/src/Hexalith.Tenants.Server/Hexalith.Tenants.Server.csproj (in 35 ms).
  Restored [workspace]/references/Hexalith.Tenants/src/Hexalith.Tenants/Hexalith.Tenants.csproj (in 298 ms).
  Restored [workspace]/references/Hexalith.EventStore/src/Hexalith.EventStore.Aspire/Hexalith.EventStore.Aspire.csproj (in 908 ms).
  Restored [workspace]/src/Hexalith.Projects.Aspire/Hexalith.Projects.Aspire.csproj (in 853 ms).
  Restored [workspace]/references/Hexalith.FrontComposer/src/Hexalith.FrontComposer.Contracts.UI/Hexalith.FrontComposer.Contracts.UI.csproj (in 862 ms).
  Restored [workspace]/references/Hexalith.FrontComposer/src/Hexalith.FrontComposer.Contracts/Hexalith.FrontComposer.Contracts.csproj (in 923 ms).
  Restored [workspace]/src/Hexalith.Projects.AppHost/Hexalith.Projects.AppHost.csproj (in 865 ms).
  Restored [workspace]/references/Hexalith.Folders/src/Hexalith.Folders.Client/Hexalith.Folders.Client.csproj (in 1.04 sec).
  Restored [workspace]/references/Hexalith.FrontComposer/src/Hexalith.FrontComposer.Shell/Hexalith.FrontComposer.Shell.csproj (in 1.09 sec).
  Restored [workspace]/src/Hexalith.Projects.Contracts/Hexalith.Projects.Contracts.csproj (in 1.09 sec).
  Restored [workspace]/src/Hexalith.Projects.Client/Hexalith.Projects.Client.csproj (in 1.03 sec).
  Restored [workspace]/src/Hexalith.Projects.UI/Hexalith.Projects.UI.csproj (in 1.09 sec).
  Restored [workspace]/src/Hexalith.Projects.Infrastructure/Hexalith.Projects.Infrastructure.csproj (in 1.03 sec).
  Restored [workspace]/src/Hexalith.Projects.Workers/Hexalith.Projects.Workers.csproj (in 767 ms).
  Restored [workspace]/references/Hexalith.FrontComposer/src/Hexalith.FrontComposer.SourceTools/Hexalith.FrontComposer.SourceTools.csproj (in 838 ms).
  Restored [workspace]/src/Hexalith.Projects.Server/Hexalith.Projects.Server.csproj (in 1.09 sec).
  Restored [workspace]/src/Hexalith.Projects/Hexalith.Projects.csproj (in 1.42 sec).
  10 of 37 projects are up-to-date for restore.
  Hexalith.FrontComposer.Contracts -> [workspace]/references/Hexalith.FrontComposer/src/Hexalith.FrontComposer.Contracts/bin/Debug/netstandard2.0/Hexalith.FrontComposer.Contracts.dll
  Hexalith.FrontComposer.SourceTools -> [workspace]/references/Hexalith.FrontComposer/src/Hexalith.FrontComposer.SourceTools/bin/Debug/netstandard2.0/Hexalith.FrontComposer.SourceTools.dll
  Hexalith.Commons.UniqueIds -> [workspace]/references/Hexalith.Commons/src/libraries/Hexalith.Commons.UniqueIds/bin/Debug/net10.0/Hexalith.Commons.UniqueIds.dll
  Successfully created package '[workspace]/references/Hexalith.Commons/src/libraries/Hexalith.Commons.UniqueIds/bin/Debug/Hexalith.Commons.UniqueIds.1.0.0.nupkg'.
  Successfully created package '[workspace]/references/Hexalith.Commons/src/libraries/Hexalith.Commons.UniqueIds/bin/Debug/Hexalith.Commons.UniqueIds.1.0.0.snupkg'.
  Hexalith.EventStore.Contracts -> [workspace]/references/Hexalith.EventStore/src/Hexalith.EventStore.Contracts/bin/Debug/net10.0/Hexalith.EventStore.Contracts.dll
  Hexalith.Commons.Serialization -> [workspace]/references/Hexalith.Commons/src/libraries/Hexalith.Commons.Serialization/bin/Debug/net10.0/Hexalith.Commons.Serialization.dll
  The package Hexalith.Commons.Serialization.1.0.0 is missing a readme. Go to https://aka.ms/nuget/authoring-best-practices/readme to learn why package readmes are important.
  Successfully created package '[workspace]/references/Hexalith.Commons/src/libraries/Hexalith.Commons.Serialization/bin/Debug/Hexalith.Commons.Serialization.1.0.0.nupkg'.
  Successfully created package '[workspace]/references/Hexalith.Commons/src/libraries/Hexalith.Commons.Serialization/bin/Debug/Hexalith.Commons.Serialization.1.0.0.snupkg'.
  Hexalith.Conversations.Contracts -> [workspace]/references/Hexalith.Conversations/src/Hexalith.Conversations.Contracts/bin/Debug/net10.0/Hexalith.Conversations.Contracts.dll
  Hexalith.FrontComposer.Contracts -> [workspace]/references/Hexalith.FrontComposer/src/Hexalith.FrontComposer.Contracts/bin/Debug/net10.0/Hexalith.FrontComposer.Contracts.dll
  Hexalith.FrontComposer.Contracts.UI -> [workspace]/references/Hexalith.FrontComposer/src/Hexalith.FrontComposer.Contracts.UI/bin/Debug/net10.0/Hexalith.FrontComposer.Contracts.UI.dll
  Hexalith.FrontComposer.Shell -> [workspace]/references/Hexalith.FrontComposer/src/Hexalith.FrontComposer.Shell/bin/Debug/net10.0/Hexalith.FrontComposer.Shell.dll
  Hexalith.Projects.Contracts -> [workspace]/src/Hexalith.Projects.Contracts/bin/Debug/net10.0/Hexalith.Projects.Contracts.dll
  Hexalith.Projects -> [workspace]/src/Hexalith.Projects/bin/Debug/net10.0/Hexalith.Projects.dll
  Hexalith.Projects.Infrastructure -> [workspace]/src/Hexalith.Projects.Infrastructure/bin/Debug/net10.0/Hexalith.Projects.Infrastructure.dll
  Hexalith.Projects.ServiceDefaults -> [workspace]/src/Hexalith.Projects.ServiceDefaults/bin/Debug/net10.0/Hexalith.Projects.ServiceDefaults.dll
  Hexalith.Commons.Http -> [workspace]/references/Hexalith.Commons/src/libraries/Hexalith.Commons.Http/bin/Debug/net10.0/Hexalith.Commons.Http.dll
  Successfully created package '[workspace]/references/Hexalith.Commons/src/libraries/Hexalith.Commons.Http/bin/Debug/Hexalith.Commons.Http.1.0.0.nupkg'.
  Successfully created package '[workspace]/references/Hexalith.Commons/src/libraries/Hexalith.Commons.Http/bin/Debug/Hexalith.Commons.Http.1.0.0.snupkg'.
  Hexalith.Conversations.Client -> [workspace]/references/Hexalith.Conversations/src/Hexalith.Conversations.Client/bin/Debug/net10.0/Hexalith.Conversations.Client.dll
  Hexalith.Folders.Contracts -> [workspace]/references/Hexalith.Folders/src/Hexalith.Folders.Contracts/bin/Debug/net10.0/Hexalith.Folders.Contracts.dll
  Hexalith.Folders.Client -> [workspace]/references/Hexalith.Folders/src/Hexalith.Folders.Client/bin/Debug/net10.0/Hexalith.Folders.Client.dll
  Hexalith.Memories.Contracts -> [workspace]/references/Hexalith.Memories/src/Hexalith.Memories.Contracts/bin/Debug/net10.0/Hexalith.Memories.Contracts.dll
  Hexalith.Memories.Client.Rest -> [workspace]/references/Hexalith.Memories/src/Hexalith.Memories.Client.Rest/bin/Debug/net10.0/Hexalith.Memories.Client.Rest.dll
  Hexalith.EventStore.Client -> [workspace]/references/Hexalith.EventStore/src/Hexalith.EventStore.Client/bin/Debug/net10.0/Hexalith.EventStore.Client.dll
  Hexalith.EventStore.ServiceDefaults -> [workspace]/references/Hexalith.EventStore/src/Hexalith.EventStore.ServiceDefaults/bin/Debug/net10.0/Hexalith.EventStore.ServiceDefaults.dll
  Hexalith.EventStore.DomainService -> [workspace]/references/Hexalith.EventStore/src/Hexalith.EventStore.DomainService/bin/Debug/net10.0/Hexalith.EventStore.DomainService.dll
  Hexalith.EventStore.Admin.Abstractions -> [workspace]/references/Hexalith.EventStore/src/Hexalith.EventStore.Admin.Abstractions/bin/Debug/net10.0/Hexalith.EventStore.Admin.Abstractions.dll
  Hexalith.EventStore.Server -> [workspace]/references/Hexalith.EventStore/src/Hexalith.EventStore.Server/bin/Debug/net10.0/Hexalith.EventStore.Server.dll
  Hexalith.EventStore.Gateway -> [workspace]/references/Hexalith.EventStore/src/Hexalith.EventStore.Gateway/bin/Debug/net10.0/Hexalith.EventStore.Gateway.dll
  Hexalith.Projects.Server -> [workspace]/src/Hexalith.Projects.Server/bin/Debug/net10.0/Hexalith.Projects.Server.dll
  Hexalith.Projects.Client -> [workspace]/src/Hexalith.Projects.Client/bin/Debug/net10.0/Hexalith.Projects.Client.dll
  Hexalith.Projects.UI -> [workspace]/src/Hexalith.Projects.UI/bin/Debug/net10.0/Hexalith.Projects.UI.dll
  Hexalith.Commons.UniqueIds -> [workspace]/references/Hexalith.Commons/src/libraries/Hexalith.Commons.UniqueIds/bin/Debug/net10.0/Hexalith.Commons.UniqueIds.dll
  Successfully created package '[workspace]/references/Hexalith.Commons/src/libraries/Hexalith.Commons.UniqueIds/bin/Debug/Hexalith.Commons.UniqueIds.3.110.0.nupkg'.
  Successfully created package '[workspace]/references/Hexalith.Commons/src/libraries/Hexalith.Commons.UniqueIds/bin/Debug/Hexalith.Commons.UniqueIds.3.110.0.snupkg'.
  Hexalith.EventStore.Contracts -> [workspace]/references/Hexalith.EventStore/src/Hexalith.EventStore.Contracts/bin/Debug/net10.0/Hexalith.EventStore.Contracts.dll
  Hexalith.Tenants.Contracts -> [workspace]/references/Hexalith.Tenants/src/Hexalith.Tenants.Contracts/bin/Debug/net10.0/Hexalith.Tenants.Contracts.dll
  Hexalith.EventStore.Client -> [workspace]/references/Hexalith.EventStore/src/Hexalith.EventStore.Client/bin/Debug/net10.0/Hexalith.EventStore.Client.dll
  Hexalith.Tenants.Client -> [workspace]/references/Hexalith.Tenants/src/Hexalith.Tenants.Client/bin/Debug/net10.0/Hexalith.Tenants.Client.dll
  Hexalith.Projects.Workers -> [workspace]/src/Hexalith.Projects.Workers/bin/Debug/net10.0/Hexalith.Projects.Workers.dll
  Hexalith.EventStore -> [workspace]/references/Hexalith.EventStore/src/Hexalith.EventStore/bin/Debug/net10.0/Hexalith.EventStore.dll
  Hexalith.EventStore.ServiceDefaults -> [workspace]/references/Hexalith.EventStore/src/Hexalith.EventStore.ServiceDefaults/bin/Debug/net10.0/Hexalith.EventStore.ServiceDefaults.dll
  Hexalith.EventStore.DomainService -> [workspace]/references/Hexalith.EventStore/src/Hexalith.EventStore.DomainService/bin/Debug/net10.0/Hexalith.EventStore.DomainService.dll
  Hexalith.EventStore.Server -> [workspace]/references/Hexalith.EventStore/src/Hexalith.EventStore.Server/bin/Debug/net10.0/Hexalith.EventStore.Server.dll
  Hexalith.Tenants.Server -> [workspace]/references/Hexalith.Tenants/src/Hexalith.Tenants.Server/bin/Debug/net10.0/Hexalith.Tenants.Server.dll
  Hexalith.EventStore.Admin.Abstractions -> [workspace]/references/Hexalith.EventStore/src/Hexalith.EventStore.Admin.Abstractions/bin/Debug/net10.0/Hexalith.EventStore.Admin.Abstractions.dll
  Hexalith.EventStore.Gateway -> [workspace]/references/Hexalith.EventStore/src/Hexalith.EventStore.Gateway/bin/Debug/net10.0/Hexalith.EventStore.Gateway.dll
  Hexalith.Tenants -> [workspace]/references/Hexalith.Tenants/src/Hexalith.Tenants/bin/Debug/net10.0/Hexalith.Tenants.dll
  Hexalith.Projects.Aspire -> [workspace]/src/Hexalith.Projects.Aspire/bin/Debug/net10.0/Hexalith.Projects.Aspire.dll
  Hexalith.Projects.E2E.Fixtures -> [workspace]/tests/Hexalith.Projects.E2E.Fixtures/bin/Debug/net10.0/Hexalith.Projects.E2E.Fixtures.dll
  Hexalith.EventStore.Aspire -> [workspace]/references/Hexalith.EventStore/src/Hexalith.EventStore.Aspire/bin/Debug/net10.0/Hexalith.EventStore.Aspire.dll
  Hexalith.Projects.AppHost -> [workspace]/src/Hexalith.Projects.AppHost/bin/Debug/net10.0/Hexalith.Projects.AppHost.dll

Build succeeded.
    0 Warning(s)
    0 Error(s)

Time Elapsed 00:00:31.86
