./.gitattributes: OK
./.gitignore: OK
./README.md: OK
./command-ledger.jsonl: OK
./commands/bld-align-000-commitlint.sh: OK
./commands/bld-align-001-static-parity.sh: OK
./commands/bld-align-002-catalog.sh: OK
./commands/bld-align-003-audit.sh: OK
./commands/bld-candidate-001-restore.sh: OK
./commands/bld-candidate-002-build.sh: OK
./commands/bld-candidate-003-module-test.sh: OK
./commands/bld-candidate-004-evidence-test.sh: OK
./commands/bld-candidate-005-g4.sh: OK
./commands/es-001-coordinates.sh: OK
./commands/es-002-api-blobs.sh: OK
./commands/es-package-001-restore.sh: OK
./commands/es-package-002-build.sh: OK
./commands/es-package-003-contracts-test.sh: OK
./commands/es-package-004-client-test.sh: OK
./commands/es-package-005-domain-test.sh: OK
./commands/es-package-006-server-test.sh: OK
./commands/es-source-001-restore.sh: OK
./commands/es-source-002-build.sh: OK
./commands/es-source-003-contracts-test.sh: OK
./commands/es-source-004-client-test.sh: OK
./commands/es-source-005-domain-test.sh: OK
./commands/es-source-006-server-test.sh: OK
./commands/history-001-prior-manifests.sh: OK
./commands/post-failure-state.sh: OK
./commands/remote-000-effective-cpm.sh: OK
./commands/remote-001-restore.sh: OK
./commands/remote-002-retain-verify.sh: OK
./commands/rollback-bld-000-commitlint.sh: OK
./commands/rollback-build-001-audit-refresh.sh: OK
./disk-state.txt: OK
./effective-msbuild-properties.json: OK
./eventstore-release-packages-v3.106.0.json: OK
./logs/bld-align-000-commitlint.log: OK
./logs/bld-align-001-static-parity.log: OK
./logs/bld-align-002-catalog.log: OK
./logs/bld-align-003-audit.log: OK
./logs/bld-candidate-001-restore.log: OK
./logs/bld-candidate-002-build.log: OK
./logs/bld-candidate-003-module-test.log: OK
./logs/bld-candidate-004-evidence-test.log: OK
./logs/bld-candidate-005-g4.log: OK
./logs/es-001-coordinates.log: OK
./logs/es-002-api-blobs.log: OK
./logs/es-package-001-restore.log: OK
./logs/es-package-002-build.log: OK
./logs/es-package-003-contracts-test.log: OK
./logs/es-package-004-client-test.log: OK
./logs/es-package-005-domain-test.log: OK
./logs/es-package-006-server-test.log: OK
./logs/es-source-001-restore.log: OK
./logs/es-source-002-build.log: OK
./logs/es-source-003-contracts-test.log: OK
./logs/es-source-004-client-test.log: OK
./logs/es-source-005-domain-test.log: OK
./logs/es-source-006-server-test.log: OK
./logs/history-001-prior-manifests.log: OK
./logs/post-failure-state.log: OK
./logs/remote-000-effective-cpm.log: OK
./logs/remote-001-restore.log: OK
./logs/remote-002-retain-verify.log: OK
./logs/rollback-bld-000-commitlint.log: OK
./logs/rollback-build-001-audit-refresh.log: OK
./proofs/api-compare.sh: OK
./proofs/post-failure-state.sh: OK
./proofs/remote-cpm-proof.sh: OK
./proofs/remote-retain-verify.sh: OK
./remote-consumer-files.sha256: OK
./remote-consumer/NuGet.config: OK
./remote-consumer/RemoteConsumer.csproj: OK
./remote-consumer/obj/RemoteConsumer.csproj.nuget.dgspec.json: OK
./remote-consumer/obj/RemoteConsumer.csproj.nuget.g.props: OK
./remote-consumer/obj/RemoteConsumer.csproj.nuget.g.targets: OK
./remote-consumer/obj/project.assets.json: OK
./remote-consumer/obj/project.nuget.cache: OK
./remote-package-inventory.tsv: OK
./retained-packages/candidate/Hexalith.Builds.Evidence.Cli.0.0.0-p1r3106-attempt10.1.nupkg: OK
./retained-packages/candidate/Hexalith.Builds.Evidence.Cli.0.0.0-p1r3106-attempt10.1.snupkg: OK
./retained-packages/candidate/Hexalith.Builds.Module.Cli.0.0.0-p1r3106-attempt10.1.nupkg: OK
./retained-packages/candidate/Hexalith.Builds.Module.Cli.0.0.0-p1r3106-attempt10.1.snupkg: OK
./retained-packages/candidate/g4-tool-package-inventory.json: OK
./retained-packages/candidate/qualification-evidence/evidence-negative-artifact-command-filter-mismatch-output.json: OK
./retained-packages/candidate/qualification-evidence/evidence-negative-artifact-command-manifest-mismatch-output.json: OK
./retained-packages/candidate/qualification-evidence/evidence-negative-artifact-command-profile-mismatch-output.json: OK
./retained-packages/candidate/qualification-evidence/evidence-negative-artifact-duplicate-option-mismatch-output.json: OK
./retained-packages/candidate/qualification-evidence/evidence-negative-artifact-hash-mismatch-output.json: OK
./retained-packages/candidate/qualification-evidence/evidence-negative-artifact-raw-filter-equals-mismatch-output.json: OK
./retained-packages/candidate/qualification-evidence/evidence-negative-artifact-raw-filter-mismatch-output.json: OK
./retained-packages/candidate/qualification-evidence/evidence-negative-binding-mismatch-output.json: OK
./retained-packages/candidate/qualification-evidence/evidence-negative-coverage-shortfall-output.json: OK
./retained-packages/candidate/qualification-evidence/evidence-negative-duplicate-key-output.json: OK
./retained-packages/candidate/qualification-evidence/evidence-negative-filter-hash-mismatch-output.json: OK
./retained-packages/candidate/qualification-evidence/evidence-negative-fixture-hash-mismatch-output.json: OK
./retained-packages/candidate/qualification-evidence/evidence-negative-fixture-path-mismatch-output.json: OK
./retained-packages/candidate/qualification-evidence/evidence-negative-invalid-artifact-output.json: OK
./retained-packages/candidate/qualification-evidence/evidence-negative-malformed-row-option-mismatch-output.json: OK
./retained-packages/candidate/qualification-evidence/evidence-negative-manifest-hash-mismatch-output.json: OK
./retained-packages/candidate/qualification-evidence/evidence-negative-manifest-path-mismatch-output.json: OK
./retained-packages/candidate/qualification-evidence/evidence-negative-manifest-profile-fixture-mismatch-output.json: OK
./retained-packages/candidate/qualification-evidence/evidence-negative-missing-artifact-metadata-output.json: OK
./retained-packages/candidate/qualification-evidence/evidence-negative-no-executed-tests-output.json: OK
./retained-packages/candidate/qualification-evidence/evidence-negative-outcome-mismatch-output.json: OK
./retained-packages/candidate/qualification-evidence/evidence-negative-policy-controls-output.json: OK
./retained-packages/candidate/qualification-evidence/evidence-negative-row-duplicate-option-mismatch-output.json: OK
./retained-packages/candidate/qualification-evidence/evidence-negative-row-missing-filter-mismatch-output.json: OK
./retained-packages/candidate/qualification-evidence/evidence-negative-row-missing-manifest-mismatch-output.json: OK
./retained-packages/candidate/qualification-evidence/evidence-negative-row-profile-mismatch-output.json: OK
./retained-packages/candidate/qualification-evidence/evidence-negative-secret-metadata-output.json: OK
./retained-packages/candidate/qualification-evidence/evidence-negative-unknown-field-output.json: OK
./retained-packages/candidate/qualification-evidence/evidence-negative-unsupported-schema-output.json: OK
./retained-packages/candidate/qualification-evidence/module-negative-absolute-path-output.json: OK
./retained-packages/candidate/qualification-evidence/module-negative-duplicate-id-output.json: OK
./retained-packages/candidate/qualification-evidence/module-negative-duplicate-json-key-output.json: OK
./retained-packages/candidate/qualification-evidence/module-negative-invalid-profile-output.json: OK
./retained-packages/candidate/qualification-evidence/module-negative-malformed-dependency-output.json: OK
./retained-packages/candidate/qualification-evidence/module-negative-missing-descriptor-output.json: OK
./retained-packages/candidate/qualification-evidence/module-negative-missing-required-value-output.json: OK
./retained-packages/candidate/qualification-evidence/module-negative-path-escape-output.json: OK
./retained-packages/candidate/qualification-evidence/module-negative-placeholder-output.json: OK
./retained-packages/candidate/qualification-evidence/module-negative-secret-bearing-output.json: OK
./retained-packages/candidate/qualification-evidence/module-negative-superseded-platform-pin-output.json: OK
./retained-packages/candidate/qualification-evidence/module-negative-tampered-platform-pin-output.json: OK
./retained-packages/candidate/qualification-evidence/module-negative-unknown-field-output.json: OK
./retained-packages/candidate/qualification-evidence/module-negative-unknown-schema-output.json: OK
./retained-packages/candidate/qualification-evidence/module-negative-unsupported-profile-class-output.json: OK
./retained-packages/candidate/qualification-evidence/packaged-down-evidence.json: OK
./retained-packages/candidate/qualification-evidence/packaged-down-output.json: OK
./retained-packages/candidate/qualification-evidence/packaged-readiness-output.json: OK
./retained-packages/candidate/qualification-evidence/packaged-test-evidence.json: OK
./retained-packages/candidate/qualification-evidence/packaged-test-output.json: OK
./retained-packages/candidate/qualification-evidence/packaged-unavailable-evidence.json: OK
./retained-packages/candidate/qualification-evidence/packaged-unavailable-output.json: OK
./retained-packages/candidate/qualification-evidence/qualification.log: OK
./retained-packages/candidate/qualification-evidence/source-release-passed.json: OK
./rollback-commit-metadata.txt: OK
./seven-api-blobs.tsv: OK
adopted_rows=27
attempt10_manifest_sha256=f8fdf2c215c8a759596472dd5a5f0b0e6156bb139769fd1b44fa44ba91e50cb5
contract_sha256=ea2248238b414c21315bf8b0f9ee5fd5a38779bbc0086fdc6783c86118a34491
selected_eventstore=76051c70cbf868c40edc00ca0344fa5bd8879b69
candidate_builds=ad52f350a2f0bc47849179ae17b4594dafff5363
preserved_failed_rollback=caf49c58bc18f5226733e7879b4f71e99213fffd
