  Determining projects to restore...
  Restored [workspace]/references/Hexalith.Memories/src/Hexalith.Memories.Telemetry/Hexalith.Memories.Telemetry.csproj (in 122 ms).
  Restored [workspace]/references/Hexalith.Memories/src/Hexalith.Memories.Contracts/Hexalith.Memories.Contracts.csproj (in 122 ms).
  Restored [workspace]/references/Hexalith.Memories/src/Hexalith.Memories.AccessTelemetry.Contracts/Hexalith.Memories.AccessTelemetry.Contracts.csproj (in 384 ms).
  Restored [workspace]/references/Hexalith.Memories/src/Hexalith.Memories.EventStore/Hexalith.Memories.EventStore.csproj (in 390 ms).
  Restored [workspace]/references/Hexalith.Memories/src/Hexalith.Memories.ServiceDefaults/Hexalith.Memories.ServiceDefaults.csproj (in 390 ms).
  Restored [workspace]/references/Hexalith.Memories/src/Hexalith.Memories.Server/Hexalith.Memories.Server.csproj (in 405 ms).
  Restored [workspace]/references/Hexalith.Memories/tests/Hexalith.Memories.TestHelpers/Hexalith.Memories.TestHelpers.csproj (in 418 ms).
  Restored [workspace]/references/Hexalith.Memories/src/Hexalith.Memories.Aspire/Hexalith.Memories.Aspire.csproj (in 418 ms).
  Restored [workspace]/references/Hexalith.Memories/tools/MigrateEmbeddingVectors/MigrateEmbeddingVectors.csproj (in 422 ms).
  Restored [workspace]/references/Hexalith.Memories/tests/Hexalith.Memories.Server.Tests/Hexalith.Memories.Server.Tests.csproj (in 726 ms).
  Hexalith.Memories.AccessTelemetry.Contracts -> [workspace]/references/Hexalith.Memories/src/Hexalith.Memories.AccessTelemetry.Contracts/bin/Debug/net10.0/Hexalith.Memories.AccessTelemetry.Contracts.dll
  Hexalith.Memories.Aspire -> [workspace]/references/Hexalith.Memories/src/Hexalith.Memories.Aspire/bin/Debug/net10.0/Hexalith.Memories.Aspire.dll
  Hexalith.Memories.Contracts -> [workspace]/references/Hexalith.Memories/src/Hexalith.Memories.Contracts/bin/Debug/net10.0/Hexalith.Memories.Contracts.dll
  Hexalith.Memories.EventStore -> [workspace]/references/Hexalith.Memories/src/Hexalith.Memories.EventStore/bin/Debug/net10.0/Hexalith.Memories.EventStore.dll
  Hexalith.Memories.Telemetry -> [workspace]/references/Hexalith.Memories/src/Hexalith.Memories.Telemetry/bin/Debug/net10.0/Hexalith.Memories.Telemetry.dll
  Hexalith.Memories.ServiceDefaults -> [workspace]/references/Hexalith.Memories/src/Hexalith.Memories.ServiceDefaults/bin/Debug/net10.0/Hexalith.Memories.ServiceDefaults.dll
  Hexalith.Memories.Server -> [workspace]/references/Hexalith.Memories/src/Hexalith.Memories.Server/bin/Debug/net10.0/Hexalith.Memories.Server.dll
  MigrateEmbeddingVectors -> [workspace]/references/Hexalith.Memories/tools/MigrateEmbeddingVectors/bin/Debug/net10.0/MigrateEmbeddingVectors.dll
  Hexalith.Memories.TestHelpers -> [workspace]/references/Hexalith.Memories/tests/Hexalith.Memories.TestHelpers/bin/Debug/net10.0/Hexalith.Memories.TestHelpers.dll
  Hexalith.Memories.Server.Tests -> [workspace]/references/Hexalith.Memories/tests/Hexalith.Memories.Server.Tests/bin/Debug/net10.0/Hexalith.Memories.Server.Tests.dll

Build succeeded.
    0 Warning(s)
    0 Error(s)

Time Elapsed 00:00:19.78
